Archive member included to satisfy reference by file (symbol)

/Users/harbanstoor/Desktop/embedded_project/game_240/toolchains/mac/gcc-arm-none-eabi-8-2019-q3-update/bin/../lib/gcc/arm-none-eabi/8.3.1/thumb/v7e-m+fp/hard/libgcc.a(_arm_addsubdf3.o)
                              _build_lpc40xx_freertos/objects/sl_string.o (__aeabi_f2d)
/Users/harbanstoor/Desktop/embedded_project/game_240/toolchains/mac/gcc-arm-none-eabi-8-2019-q3-update/bin/../lib/gcc/arm-none-eabi/8.3.1/thumb/v7e-m+fp/hard/libgcc.a(_aeabi_ldivmod.o)
                              _build_lpc40xx_freertos/objects/tasks.o (__aeabi_ldivmod)
/Users/harbanstoor/Desktop/embedded_project/game_240/toolchains/mac/gcc-arm-none-eabi-8-2019-q3-update/bin/../lib/gcc/arm-none-eabi/8.3.1/thumb/v7e-m+fp/hard/libgcc.a(_aeabi_uldivmod.o)
                              _build_lpc40xx_freertos/objects/delay.o (__aeabi_uldivmod)
/Users/harbanstoor/Desktop/embedded_project/game_240/toolchains/mac/gcc-arm-none-eabi-8-2019-q3-update/bin/../lib/gcc/arm-none-eabi/8.3.1/thumb/v7e-m+fp/hard/libgcc.a(_udivmoddi4.o)
                              /Users/harbanstoor/Desktop/embedded_project/game_240/toolchains/mac/gcc-arm-none-eabi-8-2019-q3-update/bin/../lib/gcc/arm-none-eabi/8.3.1/thumb/v7e-m+fp/hard/libgcc.a(_aeabi_ldivmod.o) (__udivmoddi4)
/Users/harbanstoor/Desktop/embedded_project/game_240/toolchains/mac/gcc-arm-none-eabi-8-2019-q3-update/bin/../lib/gcc/arm-none-eabi/8.3.1/thumb/v7e-m+fp/hard/libgcc.a(_dvmd_tls.o)
                              /Users/harbanstoor/Desktop/embedded_project/game_240/toolchains/mac/gcc-arm-none-eabi-8-2019-q3-update/bin/../lib/gcc/arm-none-eabi/8.3.1/thumb/v7e-m+fp/hard/libgcc.a(_aeabi_ldivmod.o) (__aeabi_ldiv0)
/Users/harbanstoor/Desktop/embedded_project/game_240/toolchains/mac/gcc-arm-none-eabi-8-2019-q3-update/bin/../lib/gcc/arm-none-eabi/8.3.1/../../../../arm-none-eabi/lib/thumb/v7e-m+fp/hard/libg_nano.a(lib_a-atoi.o)
                              _build_lpc40xx_freertos/objects/esp32_task.o (atoi)
/Users/harbanstoor/Desktop/embedded_project/game_240/toolchains/mac/gcc-arm-none-eabi-8-2019-q3-update/bin/../lib/gcc/arm-none-eabi/8.3.1/../../../../arm-none-eabi/lib/thumb/v7e-m+fp/hard/libg_nano.a(lib_a-ctype_.o)
                              _build_lpc40xx_freertos/objects/sl_string.o (_ctype_)
/Users/harbanstoor/Desktop/embedded_project/game_240/toolchains/mac/gcc-arm-none-eabi-8-2019-q3-update/bin/../lib/gcc/arm-none-eabi/8.3.1/../../../../arm-none-eabi/lib/thumb/v7e-m+fp/hard/libg_nano.a(lib_a-fprintf.o)
                              _build_lpc40xx_freertos/objects/interrupt_vector_table.o (fprintf)
/Users/harbanstoor/Desktop/embedded_project/game_240/toolchains/mac/gcc-arm-none-eabi-8-2019-q3-update/bin/../lib/gcc/arm-none-eabi/8.3.1/../../../../arm-none-eabi/lib/thumb/v7e-m+fp/hard/libg_nano.a(lib_a-fputs.o)
                              _build_lpc40xx_freertos/objects/entry_point.o (fputs)
/Users/harbanstoor/Desktop/embedded_project/game_240/toolchains/mac/gcc-arm-none-eabi-8-2019-q3-update/bin/../lib/gcc/arm-none-eabi/8.3.1/../../../../arm-none-eabi/lib/thumb/v7e-m+fp/hard/libg_nano.a(lib_a-getchar.o)
                              _build_lpc40xx_freertos/objects/sj2_cli.o (getchar)
/Users/harbanstoor/Desktop/embedded_project/game_240/toolchains/mac/gcc-arm-none-eabi-8-2019-q3-update/bin/../lib/gcc/arm-none-eabi/8.3.1/../../../../arm-none-eabi/lib/thumb/v7e-m+fp/hard/libg_nano.a(lib_a-impure.o)
                              _build_lpc40xx_freertos/objects/entry_point.o (_impure_ptr)
/Users/harbanstoor/Desktop/embedded_project/game_240/toolchains/mac/gcc-arm-none-eabi-8-2019-q3-update/bin/../lib/gcc/arm-none-eabi/8.3.1/../../../../arm-none-eabi/lib/thumb/v7e-m+fp/hard/libg_nano.a(lib_a-lock.o)
                              /Users/harbanstoor/Desktop/embedded_project/game_240/toolchains/mac/gcc-arm-none-eabi-8-2019-q3-update/bin/../lib/gcc/arm-none-eabi/8.3.1/../../../../arm-none-eabi/lib/thumb/v7e-m+fp/hard/libg_nano.a(lib_a-fputs.o) (__retarget_lock_acquire_recursive)
/Users/harbanstoor/Desktop/embedded_project/game_240/toolchains/mac/gcc-arm-none-eabi-8-2019-q3-update/bin/../lib/gcc/arm-none-eabi/8.3.1/../../../../arm-none-eabi/lib/thumb/v7e-m+fp/hard/libg_nano.a(lib_a-malloc.o)
                              _build_lpc40xx_freertos/objects/heap_selector.o (malloc)
/Users/harbanstoor/Desktop/embedded_project/game_240/toolchains/mac/gcc-arm-none-eabi-8-2019-q3-update/bin/../lib/gcc/arm-none-eabi/8.3.1/../../../../arm-none-eabi/lib/thumb/v7e-m+fp/hard/libg_nano.a(lib_a-memcpy-stub.o)
                              _build_lpc40xx_freertos/objects/sl_string.o (memcpy)
/Users/harbanstoor/Desktop/embedded_project/game_240/toolchains/mac/gcc-arm-none-eabi-8-2019-q3-update/bin/../lib/gcc/arm-none-eabi/8.3.1/../../../../arm-none-eabi/lib/thumb/v7e-m+fp/hard/libg_nano.a(lib_a-memmove.o)
                              _build_lpc40xx_freertos/objects/sl_string.o (memmove)
[...]
Memory Configuration

Name             Origin             Length             Attributes
flash_512k       0x0000000000000000 0x0000000000080000 xr
ram_64k          0x0000000010000000 0x0000000000010000 xrw
ram_32k          0x0000000020000000 0x0000000000008000 xrw
*default*        0x0000000000000000 0xffffffffffffffff

Linker script and memory map

LOAD _build_lpc40xx_freertos/objects/entry_point.o
LOAD _build_lpc40xx_freertos/objects/interrupt_vector_table.o
LOAD _build_lpc40xx_freertos/objects/clock.o
LOAD _build_lpc40xx_freertos/objects/crash.o
LOAD _build_lpc40xx_freertos/objects/sbrk.o
LOAD _build_lpc40xx_freertos/objects/startup.o
LOAD _build_lpc40xx_freertos/objects/acceleration.o
LOAD _build_lpc40xx_freertos/objects/sensors.o
LOAD _build_lpc40xx_freertos/objects/ff.o
LOAD _build_lpc40xx_freertos/objects/ffsystem.o
LOAD _build_lpc40xx_freertos/objects/ffunicode.o
LOAD _build_lpc40xx_freertos/objects/disk_glue_logic.o
LOAD _build_lpc40xx_freertos/objects/fatfs_time.o
LOAD _build_lpc40xx_freertos/objects/sd_card.o
LOAD _build_lpc40xx_freertos/objects/system_calls.o
LOAD _build_lpc40xx_freertos/objects/app_cli.o
LOAD _build_lpc40xx_freertos/objects/sj2_cli.o
LOAD _build_lpc40xx_freertos/objects/handler_i2c.o
LOAD _build_lpc40xx_freertos/objects/handlers_general.o
LOAD _build_lpc40xx_freertos/objects/esp32.o
LOAD _build_lpc40xx_freertos/objects/esp32_task.o
LOAD _build_lpc40xx_freertos/objects/file_io_example.o
LOAD _build_lpc40xx_freertos/objects/delay.o
LOAD _build_lpc40xx_freertos/objects/peripherals_init.o
LOAD _build_lpc40xx_freertos/objects/ssp2_mutex.o
LOAD _build_lpc40xx_freertos/objects/sys_time.o
LOAD _build_lpc40xx_freertos/objects/uart_printf.o
LOAD _build_lpc40xx_freertos/objects/block_generator.o
LOAD _build_lpc40xx_freertos/objects/button.o
LOAD _build_lpc40xx_freertos/objects/game_screens.o
LOAD _build_lpc40xx_freertos/objects/game_state_machine.o
LOAD _build_lpc40xx_freertos/objects/gpio_intr.o
LOAD _build_lpc40xx_freertos/objects/gpio_lab_4.o
LOAD _build_lpc40xx_freertos/objects/joystick_buttons.o
LOAD _build_lpc40xx_freertos/objects/led_driver.o
LOAD _build_lpc40xx_freertos/objects/menu.o
LOAD _build_lpc40xx_freertos/objects/rtos_hooks.o
LOAD _build_lpc40xx_freertos/objects/uart_lab.o
LOAD _build_lpc40xx_freertos/objects/periodic_callbacks.o
LOAD _build_lpc40xx_freertos/objects/periodic_scheduler.o
LOAD _build_lpc40xx_freertos/objects/leightweight_lock.o
LOAD _build_lpc40xx_freertos/objects/sl_string.o
LOAD _build_lpc40xx_freertos/objects/freertos_interrupt_handlers.o
LOAD _build_lpc40xx_freertos/objects/heap_selector.o
LOAD _build_lpc40xx_freertos/objects/trcKernelPort.o
LOAD _build_lpc40xx_freertos/objects/trcSnapshotRecorder.o
LOAD _build_lpc40xx_freertos/objects/trcStreamingPort.o
LOAD _build_lpc40xx_freertos/objects/trcStreamingRecorder.o
LOAD _build_lpc40xx_freertos/objects/port.o
LOAD _build_lpc40xx_freertos/objects/croutine.o
LOAD _build_lpc40xx_freertos/objects/event_groups.o
LOAD _build_lpc40xx_freertos/objects/list.o
LOAD _build_lpc40xx_freertos/objects/queue.o
LOAD _build_lpc40xx_freertos/objects/stream_buffer.o
LOAD _build_lpc40xx_freertos/objects/tasks.o
LOAD _build_lpc40xx_freertos/objects/timers.o
LOAD _build_lpc40xx_freertos/objects/adc.o
LOAD _build_lpc40xx_freertos/objects/board_io.o
LOAD _build_lpc40xx_freertos/objects/can_bus.o
LOAD _build_lpc40xx_freertos/objects/gpio.o
LOAD _build_lpc40xx_freertos/objects/hw_timer.o
LOAD _build_lpc40xx_freertos/objects/i2c.o
LOAD _build_lpc40xx_freertos/objects/lpc_peripherals.o
LOAD _build_lpc40xx_freertos/objects/pwm1.o
LOAD _build_lpc40xx_freertos/objects/ssp2.o
LOAD _build_lpc40xx_freertos/objects/uart.o
LOAD _build_lpc40xx_freertos/objects/main.o
LOAD /Users/harbanstoor/Desktop/embedded_project/game_240/toolchains/mac/gcc-arm-none-eabi-8-2019-q3-update/bin/../lib/gcc/arm-none-eabi/8.3.1/../../../../arm-none-eabi/lib/thumb/v7e-m+fp/hard/libm.a
START GROUP
LOAD /Users/harbanstoor/Desktop/embedded_project/game_240/toolchains/mac/gcc-arm-none-eabi-8-2019-q3-update/bin/../lib/gcc/arm-none-eabi/8.3.1/thumb/v7e-m+fp/hard/libgcc.a
LOAD /Users/harbanstoor/Desktop/embedded_project/game_240/toolchains/mac/gcc-arm-none-eabi-8-2019-q3-update/bin/../lib/gcc/arm-none-eabi/8.3.1/../../../../arm-none-eabi/lib/thumb/v7e-m+fp/hard/libg_nano.a
LOAD /Users/harbanstoor/Desktop/embedded_project/game_240/toolchains/mac/gcc-arm-none-eabi-8-2019-q3-update/bin/../lib/gcc/arm-none-eabi/8.3.1/../../../../arm-none-eabi/lib/thumb/v7e-m+fp/hard/libc_nano.a
END GROUP
START GROUP
LOAD /Users/harbanstoor/Desktop/embedded_project/game_240/toolchains/mac/gcc-arm-none-eabi-8-2019-q3-update/bin/../lib/gcc/arm-none-eabi/8.3.1/thumb/v7e-m+fp/hard/libgcc.a
LOAD /Users/harbanstoor/Desktop/embedded_project/game_240/toolchains/mac/gcc-arm-none-eabi-8-2019-q3-update/bin/../lib/gcc/arm-none-eabi/8.3.1/../../../../arm-none-eabi/lib/thumb/v7e-m+fp/hard/libc_nano.a
LOAD /Users/harbanstoor/Desktop/embedded_project/game_240/toolchains/mac/gcc-arm-none-eabi-8-2019-q3-update/bin/../lib/gcc/arm-none-eabi/8.3.1/../../../../arm-none-eabi/lib/thumb/v7e-m+fp/hard/libnosys.a
END GROUP
START GROUP
LOAD /Users/harbanstoor/Desktop/embedded_project/game_240/toolchains/mac/gcc-arm-none-eabi-8-2019-q3-update/bin/../lib/gcc/arm-none-eabi/8.3.1/thumb/v7e-m+fp/hard/libgcc.a
LOAD /Users/harbanstoor/Desktop/embedded_project/game_240/toolchains/mac/gcc-arm-none-eabi-8-2019-q3-update/bin/../lib/gcc/arm-none-eabi/8.3.1/../../../../arm-none-eabi/lib/thumb/v7e-m+fp/hard/libc_nano.a
LOAD /Users/harbanstoor/Desktop/embedded_project/game_240/toolchains/mac/gcc-arm-none-eabi-8-2019-q3-update/bin/../lib/gcc/arm-none-eabi/8.3.1/../../../../arm-none-eabi/lib/thumb/v7e-m+fp/hard/libnosys.a
END GROUP
                0x0000000000000000                __base_flash = ORIGIN (flash_512k)
                0x0000000000080000                __top_flash = (__base_flash + LENGTH (flash_512k))
                0x0000000010000000                __base_ram_64k = ORIGIN (ram_64k)
                0x0000000010010000                __top_ram_64k = (__base_ram_64k + LENGTH (ram_64k))
                0x0000000020000000                __base_ram_32k = ORIGIN (ram_32k)
                0x0000000020008000                __top_ram_32k = (__base_ram_32k + LENGTH (ram_32k))

.text           0x0000000000000000     0xa834
 FILL mask 0xff
 *(.interrupt_vector_table)
 .interrupt_vector_table
                0x0000000000000000       0xe4 _build_lpc40xx_freertos/objects/interrupt_vector_table.o
                0x0000000000000000                interrupt_vector_table
                0x00000000000000e4                . = ALIGN (0x4)
 *(.init)
                0x00000000000000e4                . = ALIGN (0x4)
                0x00000000000000e4                __preinit_array_start = .
 *(.preinit_array)
                0x00000000000000e4                __preinit_array_end = .
                0x00000000000000e4                . = ALIGN (0x4)
                0x00000000000000e4                __init_array_start = .
 *(SORT_BY_NAME(.init_array.*))
 *(.init_array)
                0x00000000000000e4                __init_array_end = .
 *(.fini)
                0x00000000000000e4                . = ALIGN (0x4)
 *crtbegin.o(.ctors)
 *(EXCLUDE_FILE(*crtend.o) .ctors)
 *(SORT_BY_NAME(.ctors.*))
 *crtend.o(.ctors)
                0x00000000000000e4                . = ALIGN (0x4)
 *crtbegin.o(.dtors)
 *(EXCLUDE_FILE(*crtend.o) .dtors)
 *(SORT_BY_NAME(.dtors.*))
 *crtend.o(.dtors)
 *(.text*)
 .text.entry_point
                0x00000000000000e4       0x74 _build_lpc40xx_freertos/objects/entry_point.o
                0x00000000000000e4                entry_point
 .text.isr_hard_fault
                0x0000000000000158       0x1a _build_lpc40xx_freertos/objects/interrupt_vector_table.o
 *fill*         0x0000000000000172        0x2 ff
 .text.halt     0x0000000000000174       0x5c _build_lpc40xx_freertos/objects/interrupt_vector_table.o
 .text.isr_hard_fault_handler
                0x00000000000001d0       0x4c _build_lpc40xx_freertos/objects/interrupt_vector_table.o
                0x00000000000001d0                isr_hard_fault_handler
 .text.clock__get_core_clock_hz
                0x000000000000021c        0x8 _build_lpc40xx_freertos/objects/clock.o
                0x000000000000021c                clock__get_core_clock_hz
 .text.clock__get_peripheral_clock_hz
                0x0000000000000224        0x8 _build_lpc40xx_freertos/objects/clock.o
                0x0000000000000224                clock__get_peripheral_clock_hz
 .text.clock__initialize_system_clock_96mhz
                0x000000000000022c       0x40 _build_lpc40xx_freertos/objects/clock.o
                0x000000000000022c                clock__initialize_system_clock_96mhz
 .text.crash__record_get
                0x000000000000026c       0x18 _build_lpc40xx_freertos/objects/crash.o
                0x000000000000026c                crash__record_get
 .text.crash__report_if_occurred
                0x0000000000000284       0xc0 _build_lpc40xx_freertos/objects/crash.o
                0x0000000000000284                crash__report_if_occurred
 .text._sbrk    0x0000000000000344       0x54 _build_lpc40xx_freertos/objects/sbrk.o
                0x0000000000000344                _sbrk
 .text.startup__initialize_ram
                0x0000000000000398       0x3c _build_lpc40xx_freertos/objects/startup.o
                0x0000000000000398                startup__initialize_ram
 .text.startup__initialize_fpu
                0x00000000000003d4       0x14 _build_lpc40xx_freertos/objects/startup.o
                0x00000000000003d4                startup__initialize_fpu
 .text.startup__initialize_interrupts
                0x00000000000003e8       0x18 _build_lpc40xx_freertos/objects/startup.o
                0x00000000000003e8                startup__initialize_interrupts
 .text.acceleration__init
                0x0000000000000400       0x22 _build_lpc40xx_freertos/objects/acceleration.o
                0x0000000000000400                acceleration__init
 .text.acceleration__get_data
                0x0000000000000422       0x6a _build_lpc40xx_freertos/objects/acceleration.o
                0x0000000000000422                acceleration__get_data
 .text.sensors__init
                0x000000000000048c        0x4 _build_lpc40xx_freertos/objects/sensors.o
                0x000000000000048c                sensors__init
 .text.ld_dword
                0x0000000000000490       0x10 _build_lpc40xx_freertos/objects/ff.o
 .text.mem_cmp  0x00000000000004a0       0x1c _build_lpc40xx_freertos/objects/ff.o
 .text.get_ldnumber
                0x00000000000004bc       0x2a _build_lpc40xx_freertos/objects/ff.o
 .text.sync_window.part.6
                0x00000000000004e6       0x40 _build_lpc40xx_freertos/objects/ff.o
 .text.move_window
                0x0000000000000526       0x44 _build_lpc40xx_freertos/objects/ff.o
 *fill*         0x000000000000056a        0x2 ff
 .text.check_fs
                0x000000000000056c       0x74 _build_lpc40xx_freertos/objects/ff.o
 .text.find_volume
                0x00000000000005e0      0x2c0 _build_lpc40xx_freertos/objects/ff.o
 .text.unlock_fs
                0x00000000000008a0       0x16 _build_lpc40xx_freertos/objects/ff.o
 *fill*         0x00000000000008b6        0x2 ff
 .text.f_mount  0x00000000000008b8       0x70 _build_lpc40xx_freertos/objects/ff.o
                0x00000000000008b8                f_mount
 .text.ff_cre_syncobj
                0x0000000000000928       0x1c _build_lpc40xx_freertos/objects/ffsystem.o
                0x0000000000000928                ff_cre_syncobj
 .text.ff_del_syncobj
                0x0000000000000944        0xa _build_lpc40xx_freertos/objects/ffsystem.o
                0x0000000000000944                ff_del_syncobj
 .text.ff_req_grant
                0x000000000000094e       0x12 _build_lpc40xx_freertos/objects/ffsystem.o
                0x000000000000094e                ff_req_grant
 .text.ff_rel_grant
                0x0000000000000960        0xa _build_lpc40xx_freertos/objects/ffsystem.o
                0x0000000000000960                ff_rel_grant
 .text.disk_initialize
                0x000000000000096a       0x1c _build_lpc40xx_freertos/objects/disk_glue_logic.o
                0x000000000000096a                disk_initialize
 .text.disk_status
                0x0000000000000986        0xa _build_lpc40xx_freertos/objects/disk_glue_logic.o
                0x0000000000000986                disk_status
 .text.disk_read
                0x0000000000000990       0x28 _build_lpc40xx_freertos/objects/disk_glue_logic.o
                0x0000000000000990                disk_read
 .text.disk_write
                0x00000000000009b8       0x28 _build_lpc40xx_freertos/objects/disk_glue_logic.o
                0x00000000000009b8                disk_write
 .text.sd_card__wait_for_ready
                0x00000000000009e0       0x28 _build_lpc40xx_freertos/objects/sd_card.o
 .text.sd_card__power_off
                0x0000000000000a08       0x20 _build_lpc40xx_freertos/objects/sd_card.o
 .text.sd_card__transmit_datablock
                0x0000000000000a28       0x5a _build_lpc40xx_freertos/objects/sd_card.o
 .text.sd_card__send_command
                0x0000000000000a82       0x86 _build_lpc40xx_freertos/objects/sd_card.o
 .text.sd_card__read_datablock
                0x0000000000000b08       0x42 _build_lpc40xx_freertos/objects/sd_card.o
 *fill*         0x0000000000000b4a        0x2 ff
 .text.sd_card__update_status
                0x0000000000000b4c       0x20 _build_lpc40xx_freertos/objects/sd_card.o
                0x0000000000000b4c                sd_card__update_status
 .text.sd_card__initialize
                0x0000000000000b6c      0x13c _build_lpc40xx_freertos/objects/sd_card.o
                0x0000000000000b6c                sd_card__initialize
 .text.sd_card__status
                0x0000000000000ca8       0x10 _build_lpc40xx_freertos/objects/sd_card.o
                0x0000000000000ca8                sd_card__status
 .text.sd_card__read
                0x0000000000000cb8       0x8c _build_lpc40xx_freertos/objects/sd_card.o
                0x0000000000000cb8                sd_card__read
 .text.sd_card__write
                0x0000000000000d44       0xa8 _build_lpc40xx_freertos/objects/sd_card.o
                0x0000000000000d44                sd_card__write
 .text.system_calls__print_and_halt
                0x0000000000000dec       0x1e _build_lpc40xx_freertos/objects/system_calls.o
 *fill*         0x0000000000000e0a        0x2 ff
 .text._isatty  0x0000000000000e0c       0x28 _build_lpc40xx_freertos/objects/system_calls.o
                0x0000000000000e0c                _isatty
 .text._close   0x0000000000000e34        0xc _build_lpc40xx_freertos/objects/system_calls.o
                0x0000000000000e34                _close
 .text._fstat   0x0000000000000e40        0x4 _build_lpc40xx_freertos/objects/system_calls.o
                0x0000000000000e40                _fstat
 .text._lseek   0x0000000000000e44        0x4 _build_lpc40xx_freertos/objects/system_calls.o
                0x0000000000000e44                _lseek
 .text._write   0x0000000000000e48       0x70 _build_lpc40xx_freertos/objects/system_calls.o
                0x0000000000000e48                _write
 .text._read    0x0000000000000eb8       0x40 _build_lpc40xx_freertos/objects/system_calls.o
                0x0000000000000eb8                _read
 .text.delay__us
                0x0000000000000ef8       0x40 _build_lpc40xx_freertos/objects/delay.o
                0x0000000000000ef8                delay__us
 .text.delay__ms
                0x0000000000000f38        0xc _build_lpc40xx_freertos/objects/delay.o
                0x0000000000000f38                delay__ms
 .text.peripherals_init
                0x0000000000000f44      0x12c _build_lpc40xx_freertos/objects/peripherals_init.o
                0x0000000000000f44                peripherals_init
 .text.spi2_mutex__acquire
                0x0000000000001070       0x34 _build_lpc40xx_freertos/objects/ssp2_mutex.o
                0x0000000000001070                spi2_mutex__acquire
 .text.spi2_mutex__release
                0x00000000000010a4       0x24 _build_lpc40xx_freertos/objects/ssp2_mutex.o
                0x00000000000010a4                spi2_mutex__release
 .text.sys_time__one_minute_isr
                0x00000000000010c8       0x24 _build_lpc40xx_freertos/objects/sys_time.o
 .text.sys_time__init
                0x00000000000010ec       0x2c _build_lpc40xx_freertos/objects/sys_time.o
                0x00000000000010ec                sys_time__init
 .text.sys_time__get_uptime_us
                0x0000000000001118       0x2c _build_lpc40xx_freertos/objects/sys_time.o
                0x0000000000001118                sys_time__get_uptime_us
 .text.sys_time__get_uptime_ms
                0x0000000000001144       0x12 _build_lpc40xx_freertos/objects/sys_time.o
                0x0000000000001144                sys_time__get_uptime_ms
 .text.uart_puts__polled
                0x0000000000001156       0x2a _build_lpc40xx_freertos/objects/uart_printf.o
                0x0000000000001156                uart_puts__polled
 .text.block_generator__generate_blocks_for_level
                0x0000000000001180       0x94 _build_lpc40xx_freertos/objects/block_generator.o
                0x0000000000001180                block_generator__generate_blocks_for_level
 .text.block_generator__delete_block
                0x0000000000001214       0x3c _build_lpc40xx_freertos/objects/block_generator.o
                0x0000000000001214                block_generator__delete_block
 .text.game_screens__set_matrix_to
                0x0000000000001250       0x30 _build_lpc40xx_freertos/objects/game_screens.o
                0x0000000000001250                game_screens__set_matrix_to
 .text.game_state_machine__negate_ball_slope
                0x0000000000001280       0x38 _build_lpc40xx_freertos/objects/game_state_machine.o
 .text.gpio0_29_isr
                0x00000000000012b8       0x38 _build_lpc40xx_freertos/objects/game_state_machine.o
 .text.game_state_machine__move_paddle
                0x00000000000012f0       0x5c _build_lpc40xx_freertos/objects/game_state_machine.o
 .text.game_state_machine__check_for_corner_of_blocks
                0x000000000000134c       0x80 _build_lpc40xx_freertos/objects/game_state_machine.o
 .text.game_state_machine__test_setup
                0x00000000000013cc       0x30 _build_lpc40xx_freertos/objects/game_state_machine.o
                0x00000000000013cc                game_state_machine__test_setup
 .text.game_state_machine__update_paddle_position
                0x00000000000013fc       0x3c _build_lpc40xx_freertos/objects/game_state_machine.o
                0x00000000000013fc                game_state_machine__update_paddle_position
 .text.game_state_machine__run_game
                0x0000000000001438      0x414 _build_lpc40xx_freertos/objects/game_state_machine.o
                0x0000000000001438                game_state_machine__run_game
 .text.joystick_buttons__joystick_and_button_init
                0x000000000000184c       0x20 _build_lpc40xx_freertos/objects/joystick_buttons.o
                0x000000000000184c                joystick_buttons__joystick_and_button_init
 .text.joystick_buttons__get_joystick_position
                0x000000000000186c       0x24 _build_lpc40xx_freertos/objects/joystick_buttons.o
                0x000000000000186c                joystick_buttons__get_joystick_position
 .text.led_driver__get_led_matix_value
                0x0000000000001890       0x10 _build_lpc40xx_freertos/objects/led_driver.o
                0x0000000000001890                led_driver__get_led_matix_value
 .text.led_driver__disable_latch
                0x00000000000018a0        0xc _build_lpc40xx_freertos/objects/led_driver.o
                0x00000000000018a0                led_driver__disable_latch
 .text.led_driver__enable_latch
                0x00000000000018ac        0xc _build_lpc40xx_freertos/objects/led_driver.o
                0x00000000000018ac                led_driver__enable_latch
 .text.led_driver__disable_output
                0x00000000000018b8        0xc _build_lpc40xx_freertos/objects/led_driver.o
                0x00000000000018b8                led_driver__disable_output
 .text.led_driver__enable_output
                0x00000000000018c4        0xc _build_lpc40xx_freertos/objects/led_driver.o
                0x00000000000018c4                led_driver__enable_output
 .text.led_driver__clock_toggle
                0x00000000000018d0       0x18 _build_lpc40xx_freertos/objects/led_driver.o
                0x00000000000018d0                led_driver__clock_toggle
 .text.led_driver__init_gpio_pins_for_matrix
                0x00000000000018e8      0x158 _build_lpc40xx_freertos/objects/led_driver.o
                0x00000000000018e8                led_driver__init_gpio_pins_for_matrix
 .text.led_driver__map_color_code_to_color_select_pins_top
                0x0000000000001a40       0x90 _build_lpc40xx_freertos/objects/led_driver.o
                0x0000000000001a40                led_driver__map_color_code_to_color_select_pins_top
 .text.led_driver__map_color_code_to_color_select_pins_bottom
                0x0000000000001ad0       0x90 _build_lpc40xx_freertos/objects/led_driver.o
                0x0000000000001ad0                led_driver__map_color_code_to_color_select_pins_bottom
 .text.led_driver__set_pixel
                0x0000000000001b60       0x10 _build_lpc40xx_freertos/objects/led_driver.o
                0x0000000000001b60                led_driver__set_pixel
 .text.led_driver__update_display
                0x0000000000001b70       0xc8 _build_lpc40xx_freertos/objects/led_driver.o
                0x0000000000001b70                led_driver__update_display
 .text.led_driver__set_display_matrix
                0x0000000000001c38       0x24 _build_lpc40xx_freertos/objects/led_driver.o
                0x0000000000001c38                led_driver__set_display_matrix
 .text.vApplicationStackOverflowHook
                0x0000000000001c5c       0x1c _build_lpc40xx_freertos/objects/rtos_hooks.o
                0x0000000000001c5c                vApplicationStackOverflowHook
 .text.vApplicationMallocFailedHook
                0x0000000000001c78       0x10 _build_lpc40xx_freertos/objects/rtos_hooks.o
                0x0000000000001c78                vApplicationMallocFailedHook
 .text.vApplicationIdleHook
                0x0000000000001c88       0x10 _build_lpc40xx_freertos/objects/rtos_hooks.o
                0x0000000000001c88                vApplicationIdleHook
 .text.configASSERT_callback
                0x0000000000001c98       0x40 _build_lpc40xx_freertos/objects/rtos_hooks.o
                0x0000000000001c98                configASSERT_callback
 .text.vApplicationGetIdleTaskMemory
                0x0000000000001cd8       0x18 _build_lpc40xx_freertos/objects/rtos_hooks.o
                0x0000000000001cd8                vApplicationGetIdleTaskMemory
 .text.freertos_hooks__get_run_time_counter_value
                0x0000000000001cf0       0x14 _build_lpc40xx_freertos/objects/rtos_hooks.o
                0x0000000000001cf0                freertos_hooks__get_run_time_counter_value
 .text.vPortSVCHandler_wrapper
                0x0000000000001d04        0x4 _build_lpc40xx_freertos/objects/freertos_interrupt_handlers.o
                0x0000000000001d04                vPortSVCHandler_wrapper
 .text.xPortPendSVHandler_wrapper
                0x0000000000001d08        0x4 _build_lpc40xx_freertos/objects/freertos_interrupt_handlers.o
                0x0000000000001d08                xPortPendSVHandler_wrapper
 .text.xPortSysTickHandler_wrapper
                0x0000000000001d0c        0x4 _build_lpc40xx_freertos/objects/freertos_interrupt_handlers.o
                0x0000000000001d0c                xPortSysTickHandler_wrapper
 .text.pvPortMalloc
                0x0000000000001d10       0x1e _build_lpc40xx_freertos/objects/heap_selector.o
                0x0000000000001d10                pvPortMalloc
 .text.vPortFree
                0x0000000000001d2e       0x1a _build_lpc40xx_freertos/objects/heap_selector.o
                0x0000000000001d2e                vPortFree
 .text.prvPortStartFirstTask
                0x0000000000001d48       0x28 _build_lpc40xx_freertos/objects/port.o
 .text.vPortEnableVFP
                0x0000000000001d70       0x14 _build_lpc40xx_freertos/objects/port.o
 .text.prvTaskExitError
                0x0000000000001d84       0x3c _build_lpc40xx_freertos/objects/port.o
 .text.pxPortInitialiseStack
                0x0000000000001dc0       0x2c _build_lpc40xx_freertos/objects/port.o
                0x0000000000001dc0                pxPortInitialiseStack
 *fill*         0x0000000000001dec        0x4 ff
 .text.vPortSVCHandler
                0x0000000000001df0       0x24 _build_lpc40xx_freertos/objects/port.o
                0x0000000000001df0                vPortSVCHandler
 .text.vPortEnterCritical
                0x0000000000001e14       0x44 _build_lpc40xx_freertos/objects/port.o
                0x0000000000001e14                vPortEnterCritical
 .text.vPortExitCritical
                0x0000000000001e58       0x28 _build_lpc40xx_freertos/objects/port.o
                0x0000000000001e58                vPortExitCritical
 .text.xPortPendSVHandler
                0x0000000000001e80       0x64 _build_lpc40xx_freertos/objects/port.o
                0x0000000000001e80                xPortPendSVHandler
 .text.xPortSysTickHandler
                0x0000000000001ee4       0x2c _build_lpc40xx_freertos/objects/port.o
                0x0000000000001ee4                xPortSysTickHandler
 .text.vPortSetupTimerInterrupt
                0x0000000000001f10       0x30 _build_lpc40xx_freertos/objects/port.o
                0x0000000000001f10                vPortSetupTimerInterrupt
 .text.xPortStartScheduler
                0x0000000000001f40      0x100 _build_lpc40xx_freertos/objects/port.o
                0x0000000000001f40                xPortStartScheduler
 .text.vPortValidateInterruptPriority
                0x0000000000002040       0x58 _build_lpc40xx_freertos/objects/port.o
                0x0000000000002040                vPortValidateInterruptPriority
 .text.vListInitialise
                0x0000000000002098       0x16 _build_lpc40xx_freertos/objects/list.o
                0x0000000000002098                vListInitialise
 .text.vListInitialiseItem
                0x00000000000020ae        0x6 _build_lpc40xx_freertos/objects/list.o
                0x00000000000020ae                vListInitialiseItem
 .text.vListInsertEnd
                0x00000000000020b4       0x18 _build_lpc40xx_freertos/objects/list.o
                0x00000000000020b4                vListInsertEnd
 .text.vListInsert
                0x00000000000020cc       0x2e _build_lpc40xx_freertos/objects/list.o
                0x00000000000020cc                vListInsert
 .text.uxListRemove
                0x00000000000020fa       0x20 _build_lpc40xx_freertos/objects/list.o
                0x00000000000020fa                uxListRemove
 .text.prvIsQueueEmpty
                0x000000000000211a       0x16 _build_lpc40xx_freertos/objects/queue.o
 .text.prvCopyDataToQueue
                0x0000000000002130       0x6a _build_lpc40xx_freertos/objects/queue.o
 .text.prvCopyDataFromQueue
                0x000000000000219a       0x2a _build_lpc40xx_freertos/objects/queue.o
 .text.prvUnlockQueue
                0x00000000000021c4       0x70 _build_lpc40xx_freertos/objects/queue.o
 .text.xQueueGenericReset
                0x0000000000002234       0x7c _build_lpc40xx_freertos/objects/queue.o
                0x0000000000002234                xQueueGenericReset
 .text.xQueueGenericCreateStatic
                0x00000000000022b0       0x94 _build_lpc40xx_freertos/objects/queue.o
                0x00000000000022b0                xQueueGenericCreateStatic
 .text.xQueueGenericSend
                0x0000000000002344      0x15c _build_lpc40xx_freertos/objects/queue.o
                0x0000000000002344                xQueueGenericSend
 .text.xQueueCreateMutexStatic
                0x00000000000024a0       0x2a _build_lpc40xx_freertos/objects/queue.o
                0x00000000000024a0                xQueueCreateMutexStatic
 *fill*         0x00000000000024ca        0x2 ff
 .text.xQueueGenericSendFromISR
                0x00000000000024cc       0xd4 _build_lpc40xx_freertos/objects/queue.o
                0x00000000000024cc                xQueueGenericSendFromISR
 .text.xQueueGiveFromISR
                0x00000000000025a0       0xb8 _build_lpc40xx_freertos/objects/queue.o
                0x00000000000025a0                xQueueGiveFromISR
 .text.xQueueReceive
                0x0000000000002658      0x13c _build_lpc40xx_freertos/objects/queue.o
                0x0000000000002658                xQueueReceive
 .text.xQueueSemaphoreTake
                0x0000000000002794      0x180 _build_lpc40xx_freertos/objects/queue.o
                0x0000000000002794                xQueueSemaphoreTake
 .text.xQueueReceiveFromISR
                0x0000000000002914       0xb0 _build_lpc40xx_freertos/objects/queue.o
                0x0000000000002914                xQueueReceiveFromISR
 .text.vQueueDelete
                0x00000000000029c4       0x24 _build_lpc40xx_freertos/objects/queue.o
                0x00000000000029c4                vQueueDelete
 .text.prvAddNewTaskToReadyList
                0x00000000000029e8       0xf4 _build_lpc40xx_freertos/objects/tasks.o
 .text.prvIdleTask
                0x0000000000002adc       0x28 _build_lpc40xx_freertos/objects/tasks.o
 .text.prvResetNextTaskUnblockTime
                0x0000000000002b04       0x24 _build_lpc40xx_freertos/objects/tasks.o
 .text.prvInitialiseNewTask.isra.2
                0x0000000000002b28       0x98 _build_lpc40xx_freertos/objects/tasks.o
 .text.prvAddCurrentTaskToDelayedList
                0x0000000000002bc0       0x8c _build_lpc40xx_freertos/objects/tasks.o
 .text.xTaskCreateStatic
                0x0000000000002c4c       0x6c _build_lpc40xx_freertos/objects/tasks.o
                0x0000000000002c4c                xTaskCreateStatic
 .text.xTaskCreate
                0x0000000000002cb8       0x5a _build_lpc40xx_freertos/objects/tasks.o
                0x0000000000002cb8                xTaskCreate
 *fill*         0x0000000000002d12        0x2 ff
 .text.vTaskStartScheduler
                0x0000000000002d14       0x7c _build_lpc40xx_freertos/objects/tasks.o
                0x0000000000002d14                vTaskStartScheduler
 .text.vTaskSuspendAll
                0x0000000000002d90       0x10 _build_lpc40xx_freertos/objects/tasks.o
                0x0000000000002d90                vTaskSuspendAll
 .text.xTaskIncrementTick
                0x0000000000002da0      0x124 _build_lpc40xx_freertos/objects/tasks.o
                0x0000000000002da0                xTaskIncrementTick
 .text.xTaskResumeAll
                0x0000000000002ec4       0xec _build_lpc40xx_freertos/objects/tasks.o
                0x0000000000002ec4                xTaskResumeAll
 .text.vTaskDelay
                0x0000000000002fb0       0x48 _build_lpc40xx_freertos/objects/tasks.o
                0x0000000000002fb0                vTaskDelay
 .text.vTaskSwitchContext
                0x0000000000002ff8       0xcc _build_lpc40xx_freertos/objects/tasks.o
                0x0000000000002ff8                vTaskSwitchContext
 .text.vTaskPlaceOnEventList
                0x00000000000030c4       0x30 _build_lpc40xx_freertos/objects/tasks.o
                0x00000000000030c4                vTaskPlaceOnEventList
 .text.xTaskRemoveFromEventList
                0x00000000000030f4       0x80 _build_lpc40xx_freertos/objects/tasks.o
                0x00000000000030f4                xTaskRemoveFromEventList
 .text.vTaskInternalSetTimeOutState
                0x0000000000003174       0x18 _build_lpc40xx_freertos/objects/tasks.o
                0x0000000000003174                vTaskInternalSetTimeOutState
 .text.xTaskCheckForTimeOut
                0x000000000000318c       0x74 _build_lpc40xx_freertos/objects/tasks.o
                0x000000000000318c                xTaskCheckForTimeOut
 .text.vTaskMissedYield
                0x0000000000003200        0xc _build_lpc40xx_freertos/objects/tasks.o
                0x0000000000003200                vTaskMissedYield
 .text.xTaskGetSchedulerState
                0x000000000000320c       0x20 _build_lpc40xx_freertos/objects/tasks.o
                0x000000000000320c                xTaskGetSchedulerState
 .text.xTaskPriorityInherit
                0x000000000000322c       0x98 _build_lpc40xx_freertos/objects/tasks.o
                0x000000000000322c                xTaskPriorityInherit
 .text.xTaskPriorityDisinherit
                0x00000000000032c4       0x94 _build_lpc40xx_freertos/objects/tasks.o
                0x00000000000032c4                xTaskPriorityDisinherit
 .text.vTaskPriorityDisinheritAfterTimeout
                0x0000000000003358       0xa8 _build_lpc40xx_freertos/objects/tasks.o
                0x0000000000003358                vTaskPriorityDisinheritAfterTimeout
 .text.pvTaskIncrementMutexHeldCount
                0x0000000000003400       0x18 _build_lpc40xx_freertos/objects/tasks.o
                0x0000000000003400                pvTaskIncrementMutexHeldCount
 .text.vRunTimeStatIsrEntry
                0x0000000000003418       0x28 _build_lpc40xx_freertos/objects/tasks.o
                0x0000000000003418                vRunTimeStatIsrEntry
 .text.vRunTimeStatIsrExit
                0x0000000000003440       0x10 _build_lpc40xx_freertos/objects/tasks.o
                0x0000000000003440                vRunTimeStatIsrExit
 .text.board_io__initialize
                0x0000000000003450      0x104 _build_lpc40xx_freertos/objects/board_io.o
                0x0000000000003450                board_io__initialize
 .text.board_io__sd_card_cs
                0x0000000000003554       0x10 _build_lpc40xx_freertos/objects/board_io.o
                0x0000000000003554                board_io__sd_card_cs
 .text.board_io__sd_card_ds
                0x0000000000003564       0x10 _build_lpc40xx_freertos/objects/board_io.o
                0x0000000000003564                board_io__sd_card_ds
 .text.board_io__sd_card_is_present
                0x0000000000003574       0x14 _build_lpc40xx_freertos/objects/board_io.o
                0x0000000000003574                board_io__sd_card_is_present
 .text.board_io__get_led0
                0x0000000000003588        0xc _build_lpc40xx_freertos/objects/board_io.o
                0x0000000000003588                board_io__get_led0
 .text.board_io__get_led1
                0x0000000000003594        0xc _build_lpc40xx_freertos/objects/board_io.o
                0x0000000000003594                board_io__get_led1
 .text.board_io__get_led2
                0x00000000000035a0        0xc _build_lpc40xx_freertos/objects/board_io.o
                0x00000000000035a0                board_io__get_led2
 .text.board_io__get_led3
                0x00000000000035ac        0xc _build_lpc40xx_freertos/objects/board_io.o
                0x00000000000035ac                board_io__get_led3
 .text.gpio__set_function
                0x00000000000035b8       0x2a _build_lpc40xx_freertos/objects/gpio.o
                0x00000000000035b8                gpio__set_function
 .text.gpio__construct_with_function
                0x00000000000035e2       0x2a _build_lpc40xx_freertos/objects/gpio.o
                0x00000000000035e2                gpio__construct_with_function
 .text.gpio__enable_open_drain
                0x000000000000360c       0x20 _build_lpc40xx_freertos/objects/gpio.o
                0x000000000000360c                gpio__enable_open_drain
 .text.gpio__enable_pull_down_resistors
                0x000000000000362c       0x28 _build_lpc40xx_freertos/objects/gpio.o
                0x000000000000362c                gpio__enable_pull_down_resistors
 .text.gpio__set_as_input
                0x0000000000003654       0x24 _build_lpc40xx_freertos/objects/gpio.o
                0x0000000000003654                gpio__set_as_input
 .text.gpio__construct_as_input
                0x0000000000003678       0x28 _build_lpc40xx_freertos/objects/gpio.o
                0x0000000000003678                gpio__construct_as_input
 .text.gpio__set_as_output
                0x00000000000036a0       0x20 _build_lpc40xx_freertos/objects/gpio.o
                0x00000000000036a0                gpio__set_as_output
 .text.gpio__construct_as_output
                0x00000000000036c0       0x28 _build_lpc40xx_freertos/objects/gpio.o
                0x00000000000036c0                gpio__construct_as_output
 .text.gpio__get
                0x00000000000036e8       0x24 _build_lpc40xx_freertos/objects/gpio.o
                0x00000000000036e8                gpio__get
 .text.gpio__set
                0x000000000000370c       0x1c _build_lpc40xx_freertos/objects/gpio.o
                0x000000000000370c                gpio__set
 .text.gpio__reset
                0x0000000000003728       0x1c _build_lpc40xx_freertos/objects/gpio.o
                0x0000000000003728                gpio__reset
 .text.gpio__toggle
                0x0000000000003744       0x1e _build_lpc40xx_freertos/objects/gpio.o
                0x0000000000003744                gpio__toggle
 *fill*         0x0000000000003762        0x2 ff
 .text.hw_timer__enable
                0x0000000000003764       0x48 _build_lpc40xx_freertos/objects/hw_timer.o
                0x0000000000003764                hw_timer__enable
 .text.hw_timer__enable_match_isr
                0x00000000000037ac       0x24 _build_lpc40xx_freertos/objects/hw_timer.o
                0x00000000000037ac                hw_timer__enable_match_isr
 .text.hw_timer__acknowledge_interrupt
                0x00000000000037d0       0x18 _build_lpc40xx_freertos/objects/hw_timer.o
                0x00000000000037d0                hw_timer__acknowledge_interrupt
 .text.hw_timer__get_value
                0x00000000000037e8       0x10 _build_lpc40xx_freertos/objects/hw_timer.o
                0x00000000000037e8                hw_timer__get_value
 .text.hw_timer__set_value
                0x00000000000037f8       0x10 _build_lpc40xx_freertos/objects/hw_timer.o
                0x00000000000037f8                hw_timer__set_value
 .text.i2c__transfer_unprotected
                0x0000000000003808       0x5e _build_lpc40xx_freertos/objects/i2c.o
 *fill*         0x0000000000003866        0x2 ff
 .text.i2c__handle_interrupt
                0x0000000000003868      0x128 _build_lpc40xx_freertos/objects/i2c.o
 .text.i2c2_isr
                0x0000000000003990        0xc _build_lpc40xx_freertos/objects/i2c.o
 .text.i2c1_isr
                0x000000000000399c        0xc _build_lpc40xx_freertos/objects/i2c.o
 .text.i2c0_isr
                0x00000000000039a8        0xc _build_lpc40xx_freertos/objects/i2c.o
 .text.i2c__initialize
                0x00000000000039b4       0xb8 _build_lpc40xx_freertos/objects/i2c.o
                0x00000000000039b4                i2c__initialize
 .text.i2c__read_slave_data
                0x0000000000003a6c       0x54 _build_lpc40xx_freertos/objects/i2c.o
                0x0000000000003a6c                i2c__read_slave_data
 .text.i2c__read_single
                0x0000000000003ac0       0x1e _build_lpc40xx_freertos/objects/i2c.o
                0x0000000000003ac0                i2c__read_single
 *fill*         0x0000000000003ade        0x2 ff
 .text.i2c__write_slave_data
                0x0000000000003ae0       0x50 _build_lpc40xx_freertos/objects/i2c.o
                0x0000000000003ae0                i2c__write_slave_data
 .text.i2c__detect
                0x0000000000003b30       0x18 _build_lpc40xx_freertos/objects/i2c.o
                0x0000000000003b30                i2c__detect
 .text.i2c__write_single
                0x0000000000003b48       0x18 _build_lpc40xx_freertos/objects/i2c.o
                0x0000000000003b48                i2c__write_single
 .text.lpc_peripheral__halt_handler
                0x0000000000003b60        0x2 _build_lpc40xx_freertos/objects/lpc_peripherals.o
 *fill*         0x0000000000003b62        0x2 ff
 .text.lpc_peripheral__interrupt_dispatcher
                0x0000000000003b64       0x34 _build_lpc40xx_freertos/objects/lpc_peripherals.o
                0x0000000000003b64                lpc_peripheral__interrupt_dispatcher
 .text.lpc_peripheral__turn_on_power_to
                0x0000000000003b98       0x24 _build_lpc40xx_freertos/objects/lpc_peripherals.o
                0x0000000000003b98                lpc_peripheral__turn_on_power_to
 .text.lpc_peripheral__is_powered_on
                0x0000000000003bbc       0x24 _build_lpc40xx_freertos/objects/lpc_peripherals.o
                0x0000000000003bbc                lpc_peripheral__is_powered_on
 .text.lpc_peripheral__enable_interrupt
                0x0000000000003be0       0x30 _build_lpc40xx_freertos/objects/lpc_peripherals.o
                0x0000000000003be0                lpc_peripheral__enable_interrupt
 .text.ssp2__dma_transfer_block
                0x0000000000003c10       0x98 _build_lpc40xx_freertos/objects/ssp2.o
 .text.ssp2__set_max_clock
                0x0000000000003ca8       0x2c _build_lpc40xx_freertos/objects/ssp2.o
                0x0000000000003ca8                ssp2__set_max_clock
 .text.ssp2__initialize
                0x0000000000003cd4       0x44 _build_lpc40xx_freertos/objects/ssp2.o
                0x0000000000003cd4                ssp2__initialize
 .text.ssp2__exchange_byte
                0x0000000000003d18       0x14 _build_lpc40xx_freertos/objects/ssp2.o
                0x0000000000003d18                ssp2__exchange_byte
 .text.ssp2__dma_write_block
                0x0000000000003d2c        0x6 _build_lpc40xx_freertos/objects/ssp2.o
                0x0000000000003d2c                ssp2__dma_write_block
 .text.ssp2__dma_read_block
                0x0000000000003d32        0x6 _build_lpc40xx_freertos/objects/ssp2.o
                0x0000000000003d32                ssp2__dma_read_block
 .text.uart__isr_common
                0x0000000000003d38       0x94 _build_lpc40xx_freertos/objects/uart.o
 .text.uart3_isr
                0x0000000000003dcc        0xc _build_lpc40xx_freertos/objects/uart.o
 .text.uart2_isr
                0x0000000000003dd8        0xc _build_lpc40xx_freertos/objects/uart.o
 .text.uart1_isr
                0x0000000000003de4        0xc _build_lpc40xx_freertos/objects/uart.o
 .text.uart0_isr
                0x0000000000003df0        0xc _build_lpc40xx_freertos/objects/uart.o
 .text.uart__init
                0x0000000000003dfc       0x60 _build_lpc40xx_freertos/objects/uart.o
                0x0000000000003dfc                uart__init
 .text.uart__is_initialized
                0x0000000000003e5c       0x28 _build_lpc40xx_freertos/objects/uart.o
                0x0000000000003e5c                uart__is_initialized
 .text.uart__is_transmit_queue_initialized
                0x0000000000003e84       0x14 _build_lpc40xx_freertos/objects/uart.o
                0x0000000000003e84                uart__is_transmit_queue_initialized
 .text.uart__is_receive_queue_initialized
                0x0000000000003e98       0x14 _build_lpc40xx_freertos/objects/uart.o
                0x0000000000003e98                uart__is_receive_queue_initialized
 .text.uart__enable_queues
                0x0000000000003eac       0x70 _build_lpc40xx_freertos/objects/uart.o
                0x0000000000003eac                uart__enable_queues
 .text.uart__polled_put
                0x0000000000003f1c       0x24 _build_lpc40xx_freertos/objects/uart.o
                0x0000000000003f1c                uart__polled_put
 .text.uart__get
                0x0000000000003f40       0x4c _build_lpc40xx_freertos/objects/uart.o
                0x0000000000003f40                uart__get
 .text.uart__polled_get
                0x0000000000003f8c       0x50 _build_lpc40xx_freertos/objects/uart.o
                0x0000000000003f8c                uart__polled_get
 .text.uart__put
                0x0000000000003fdc       0x7c _build_lpc40xx_freertos/objects/uart.o
                0x0000000000003fdc                uart__put
 .text.game_state_machine_task
                0x0000000000004058        0xe _build_lpc40xx_freertos/objects/main.o
 .text.update_display_task
                0x0000000000004066        0xe _build_lpc40xx_freertos/objects/main.o
 .text.update_paddle_position
                0x0000000000004074       0x12 _build_lpc40xx_freertos/objects/main.o
 *fill*         0x0000000000004086        0x2 ff
 .text.startup.main
                0x0000000000004088       0x7c _build_lpc40xx_freertos/objects/main.o
                0x0000000000004088                main
 .text          0x0000000000004104      0x378 /Users/harbanstoor/Desktop/embedded_project/game_240/toolchains/mac/gcc-arm-none-eabi-8-2019-q3-update/bin/../lib/gcc/arm-none-eabi/8.3.1/thumb/v7e-m+fp/hard/libgcc.a(_arm_addsubdf3.o)
                0x0000000000004104                __aeabi_drsub
                0x000000000000410c                __subdf3
                0x000000000000410c                __aeabi_dsub
                0x0000000000004110                __aeabi_dadd
                0x0000000000004110                __adddf3
                0x0000000000004388                __aeabi_ui2d
                0x0000000000004388                __floatunsidf
                0x00000000000043a8                __floatsidf
                0x00000000000043a8                __aeabi_i2d
                0x00000000000043cc                __extendsfdf2
                0x00000000000043cc                __aeabi_f2d
                0x0000000000004410                __aeabi_ul2d
                0x0000000000004410                __floatundidf
                0x0000000000004420                __aeabi_l2d
                0x0000000000004420                __floatdidf
 .text          0x000000000000447c       0x30 /Users/harbanstoor/Desktop/embedded_project/game_240/toolchains/mac/gcc-arm-none-eabi-8-2019-q3-update/bin/../lib/gcc/arm-none-eabi/8.3.1/thumb/v7e-m+fp/hard/libgcc.a(_aeabi_uldivmod.o)
                0x000000000000447c                __aeabi_uldivmod
 .text          0x00000000000044ac      0x2d0 /Users/harbanstoor/Desktop/embedded_project/game_240/toolchains/mac/gcc-arm-none-eabi-8-2019-q3-update/bin/../lib/gcc/arm-none-eabi/8.3.1/thumb/v7e-m+fp/hard/libgcc.a(_udivmoddi4.o)
                0x00000000000044ac                __udivmoddi4
 .text          0x000000000000477c        0x4 /Users/harbanstoor/Desktop/embedded_project/game_240/toolchains/mac/gcc-arm-none-eabi-8-2019-q3-update/bin/../lib/gcc/arm-none-eabi/8.3.1/thumb/v7e-m+fp/hard/libgcc.a(_dvmd_tls.o)
                0x000000000000477c                __aeabi_ldiv0
                0x000000000000477c                __aeabi_idiv0
 .text.fprintf  0x0000000000004780       0x24 /Users/harbanstoor/Desktop/embedded_project/game_240/toolchains/mac/gcc-arm-none-eabi-8-2019-q3-update/bin/../lib/gcc/arm-none-eabi/8.3.1/../../../../arm-none-eabi/lib/thumb/v7e-m+fp/hard/libg_nano.a(lib_a-fprintf.o)
                0x0000000000004780                fprintf
                0x0000000000004780                fiprintf
 .text._fputs_r
                0x00000000000047a4       0xcc /Users/harbanstoor/Desktop/embedded_project/game_240/toolchains/mac/gcc-arm-none-eabi-8-2019-q3-update/bin/../lib/gcc/arm-none-eabi/8.3.1/../../../../arm-none-eabi/lib/thumb/v7e-m+fp/hard/libg_nano.a(lib_a-fputs.o)
                0x00000000000047a4                _fputs_r
 .text.fputs    0x0000000000004870       0x10 /Users/harbanstoor/Desktop/embedded_project/game_240/toolchains/mac/gcc-arm-none-eabi-8-2019-q3-update/bin/../lib/gcc/arm-none-eabi/8.3.1/../../../../arm-none-eabi/lib/thumb/v7e-m+fp/hard/libg_nano.a(lib_a-fputs.o)
                0x0000000000004870                fputs
 .text.__retarget_lock_init_recursive
                0x0000000000004880        0x2 /Users/harbanstoor/Desktop/embedded_project/game_240/toolchains/mac/gcc-arm-none-eabi-8-2019-q3-update/bin/../lib/gcc/arm-none-eabi/8.3.1/../../../../arm-none-eabi/lib/thumb/v7e-m+fp/hard/libg_nano.a(lib_a-lock.o)
                0x0000000000004880                __retarget_lock_init_recursive
 .text.__retarget_lock_acquire_recursive
                0x0000000000004882        0x2 /Users/harbanstoor/Desktop/embedded_project/game_240/toolchains/mac/gcc-arm-none-eabi-8-2019-q3-update/bin/../lib/gcc/arm-none-eabi/8.3.1/../../../../arm-none-eabi/lib/thumb/v7e-m+fp/hard/libg_nano.a(lib_a-lock.o)
                0x0000000000004882                __retarget_lock_acquire_recursive
 .text.__retarget_lock_release_recursive
                0x0000000000004884        0x2 /Users/harbanstoor/Desktop/embedded_project/game_240/toolchains/mac/gcc-arm-none-eabi-8-2019-q3-update/bin/../lib/gcc/arm-none-eabi/8.3.1/../../../../arm-none-eabi/lib/thumb/v7e-m+fp/hard/libg_nano.a(lib_a-lock.o)
                0x0000000000004884                __retarget_lock_release_recursive
 *fill*         0x0000000000004886        0x2 ff
 .text.malloc   0x0000000000004888       0x10 /Users/harbanstoor/Desktop/embedded_project/game_240/toolchains/mac/gcc-arm-none-eabi-8-2019-q3-update/bin/../lib/gcc/arm-none-eabi/8.3.1/../../../../arm-none-eabi/lib/thumb/v7e-m+fp/hard/libg_nano.a(lib_a-malloc.o)
                0x0000000000004888                malloc
 .text.free     0x0000000000004898       0x10 /Users/harbanstoor/Desktop/embedded_project/game_240/toolchains/mac/gcc-arm-none-eabi-8-2019-q3-update/bin/../lib/gcc/arm-none-eabi/8.3.1/../../../../arm-none-eabi/lib/thumb/v7e-m+fp/hard/libg_nano.a(lib_a-malloc.o)
                0x0000000000004898                free
 .text.memcpy   0x00000000000048a8       0x1c /Users/harbanstoor/Desktop/embedded_project/game_240/toolchains/mac/gcc-arm-none-eabi-8-2019-q3-update/bin/../lib/gcc/arm-none-eabi/8.3.1/../../../../arm-none-eabi/lib/thumb/v7e-m+fp/hard/libg_nano.a(lib_a-memcpy-stub.o)
                0x00000000000048a8                memcpy
 .text.memmove  0x00000000000048c4       0x34 /Users/harbanstoor/Desktop/embedded_project/game_240/toolchains/mac/gcc-arm-none-eabi-8-2019-q3-update/bin/../lib/gcc/arm-none-eabi/8.3.1/../../../../arm-none-eabi/lib/thumb/v7e-m+fp/hard/libg_nano.a(lib_a-memmove.o)
                0x00000000000048c4                memmove
 .text.memset   0x00000000000048f8       0x10 /Users/harbanstoor/Desktop/embedded_project/game_240/toolchains/mac/gcc-arm-none-eabi-8-2019-q3-update/bin/../lib/gcc/arm-none-eabi/8.3.1/../../../../arm-none-eabi/lib/thumb/v7e-m+fp/hard/libg_nano.a(lib_a-memset.o)
                0x00000000000048f8                memset
 .text._free_r  0x0000000000004908       0x9c /Users/harbanstoor/Desktop/embedded_project/game_240/toolchains/mac/gcc-arm-none-eabi-8-2019-q3-update/bin/../lib/gcc/arm-none-eabi/8.3.1/../../../../arm-none-eabi/lib/thumb/v7e-m+fp/hard/libg_nano.a(lib_a-nano-freer.o)
                0x0000000000004908                _free_r
 .text._malloc_r
                0x00000000000049a4       0xb4 /Users/harbanstoor/Desktop/embedded_project/game_240/toolchains/mac/gcc-arm-none-eabi-8-2019-q3-update/bin/../lib/gcc/arm-none-eabi/8.3.1/../../../../arm-none-eabi/lib/thumb/v7e-m+fp/hard/libg_nano.a(lib_a-nano-mallocr.o)
                0x00000000000049a4                _malloc_r
 .text.__sfputc_r
                0x0000000000004a58       0x2e /Users/harbanstoor/Desktop/embedded_project/game_240/toolchains/mac/gcc-arm-none-eabi-8-2019-q3-update/bin/../lib/gcc/arm-none-eabi/8.3.1/../../../../arm-none-eabi/lib/thumb/v7e-m+fp/hard/libg_nano.a(lib_a-nano-vfprintf.o)
 .text.__sfputs_r
                0x0000000000004a86       0x24 /Users/harbanstoor/Desktop/embedded_project/game_240/toolchains/mac/gcc-arm-none-eabi-8-2019-q3-update/bin/../lib/gcc/arm-none-eabi/8.3.1/../../../../arm-none-eabi/lib/thumb/v7e-m+fp/hard/libg_nano.a(lib_a-nano-vfprintf.o)
                0x0000000000004a86                __sfputs_r
 *fill*         0x0000000000004aaa        0x2 ff
 .text._vfprintf_r
                0x0000000000004aac      0x250 /Users/harbanstoor/Desktop/embedded_project/game_240/toolchains/mac/gcc-arm-none-eabi-8-2019-q3-update/bin/../lib/gcc/arm-none-eabi/8.3.1/../../../../arm-none-eabi/lib/thumb/v7e-m+fp/hard/libg_nano.a(lib_a-nano-vfprintf.o)
                0x0000000000004aac                _vfiprintf_r
                0x0000000000004aac                _vfprintf_r
 .text.__cvt    0x0000000000004cfc       0xba /Users/harbanstoor/Desktop/embedded_project/game_240/toolchains/mac/gcc-arm-none-eabi-8-2019-q3-update/bin/../lib/gcc/arm-none-eabi/8.3.1/../../../../arm-none-eabi/lib/thumb/v7e-m+fp/hard/libg_nano.a(lib_a-nano-vfprintf_float.o)
                0x0000000000004cfc                __cvt
 .text.__exponent
                0x0000000000004db6       0x64 /Users/harbanstoor/Desktop/embedded_project/game_240/toolchains/mac/gcc-arm-none-eabi-8-2019-q3-update/bin/../lib/gcc/arm-none-eabi/8.3.1/../../../../arm-none-eabi/lib/thumb/v7e-m+fp/hard/libg_nano.a(lib_a-nano-vfprintf_float.o)
                0x0000000000004db6                __exponent
 *fill*         0x0000000000004e1a        0x2 ff
 .text._printf_float
                0x0000000000004e1c      0x454 /Users/harbanstoor/Desktop/embedded_project/game_240/toolchains/mac/gcc-arm-none-eabi-8-2019-q3-update/bin/../lib/gcc/arm-none-eabi/8.3.1/../../../../arm-none-eabi/lib/thumb/v7e-m+fp/hard/libg_nano.a(lib_a-nano-vfprintf_float.o)
                0x0000000000004e1c                _printf_float
 .text._printf_common
                0x0000000000005270       0xea /Users/harbanstoor/Desktop/embedded_project/game_240/toolchains/mac/gcc-arm-none-eabi-8-2019-q3-update/bin/../lib/gcc/arm-none-eabi/8.3.1/../../../../arm-none-eabi/lib/thumb/v7e-m+fp/hard/libg_nano.a(lib_a-nano-vfprintf_i.o)
                0x0000000000005270                _printf_common
 *fill*         0x000000000000535a        0x2 ff
 .text._printf_i
                0x000000000000535c      0x228 /Users/harbanstoor/Desktop/embedded_project/game_240/toolchains/mac/gcc-arm-none-eabi-8-2019-q3-update/bin/../lib/gcc/arm-none-eabi/8.3.1/../../../../arm-none-eabi/lib/thumb/v7e-m+fp/hard/libg_nano.a(lib_a-nano-vfprintf_i.o)
                0x000000000000535c                _printf_i
 .text._scanf_float
                0x0000000000005584      0x3c0 /Users/harbanstoor/Desktop/embedded_project/game_240/toolchains/mac/gcc-arm-none-eabi-8-2019-q3-update/bin/../lib/gcc/arm-none-eabi/8.3.1/../../../../arm-none-eabi/lib/thumb/v7e-m+fp/hard/libg_nano.a(lib_a-nano-vfscanf_float.o)
                0x0000000000005584                _scanf_float
 .text.printf   0x0000000000005944       0x30 /Users/harbanstoor/Desktop/embedded_project/game_240/toolchains/mac/gcc-arm-none-eabi-8-2019-q3-update/bin/../lib/gcc/arm-none-eabi/8.3.1/../../../../arm-none-eabi/lib/thumb/v7e-m+fp/hard/libg_nano.a(lib_a-printf.o)
                0x0000000000005944                printf
                0x0000000000005944                iprintf
 .text._puts_r  0x0000000000005974       0xdc /Users/harbanstoor/Desktop/embedded_project/game_240/toolchains/mac/gcc-arm-none-eabi-8-2019-q3-update/bin/../lib/gcc/arm-none-eabi/8.3.1/../../../../arm-none-eabi/lib/thumb/v7e-m+fp/hard/libg_nano.a(lib_a-puts.o)
                0x0000000000005974                _puts_r
 .text.puts     0x0000000000005a50       0x10 /Users/harbanstoor/Desktop/embedded_project/game_240/toolchains/mac/gcc-arm-none-eabi-8-2019-q3-update/bin/../lib/gcc/arm-none-eabi/8.3.1/../../../../arm-none-eabi/lib/thumb/v7e-m+fp/hard/libg_nano.a(lib_a-puts.o)
                0x0000000000005a50                puts
 .text.rand     0x0000000000005a60       0x68 /Users/harbanstoor/Desktop/embedded_project/game_240/toolchains/mac/gcc-arm-none-eabi-8-2019-q3-update/bin/../lib/gcc/arm-none-eabi/8.3.1/../../../../arm-none-eabi/lib/thumb/v7e-m+fp/hard/libg_nano.a(lib_a-rand.o)
                0x0000000000005a60                rand
 .text._sbrk_r  0x0000000000005ac8       0x20 /Users/harbanstoor/Desktop/embedded_project/game_240/toolchains/mac/gcc-arm-none-eabi-8-2019-q3-update/bin/../lib/gcc/arm-none-eabi/8.3.1/../../../../arm-none-eabi/lib/thumb/v7e-m+fp/hard/libg_nano.a(lib_a-sbrkr.o)
                0x0000000000005ac8                _sbrk_r
 .text.setvbuf  0x0000000000005ae8      0x184 /Users/harbanstoor/Desktop/embedded_project/game_240/toolchains/mac/gcc-arm-none-eabi-8-2019-q3-update/bin/../lib/gcc/arm-none-eabi/8.3.1/../../../../arm-none-eabi/lib/thumb/v7e-m+fp/hard/libg_nano.a(lib_a-setvbuf.o)
                0x0000000000005ae8                setvbuf
 .text.nanf     0x0000000000005c6c        0xc /Users/harbanstoor/Desktop/embedded_project/game_240/toolchains/mac/gcc-arm-none-eabi-8-2019-q3-update/bin/../lib/gcc/arm-none-eabi/8.3.1/../../../../arm-none-eabi/lib/thumb/v7e-m+fp/hard/libg_nano.a(lib_a-sf_nan.o)
                0x0000000000005c6c                nanf
 .text.sprintf  0x0000000000005c78       0x40 /Users/harbanstoor/Desktop/embedded_project/game_240/toolchains/mac/gcc-arm-none-eabi-8-2019-q3-update/bin/../lib/gcc/arm-none-eabi/8.3.1/../../../../arm-none-eabi/lib/thumb/v7e-m+fp/hard/libg_nano.a(lib_a-sprintf.o)
                0x0000000000005c78                sprintf
                0x0000000000005c78                siprintf
 .text          0x0000000000005cb8       0x10 /Users/harbanstoor/Desktop/embedded_project/game_240/toolchains/mac/gcc-arm-none-eabi-8-2019-q3-update/bin/../lib/gcc/arm-none-eabi/8.3.1/../../../../arm-none-eabi/lib/thumb/v7e-m+fp/hard/libg_nano.a(lib_a-strlen.o)
                0x0000000000005cb8                strlen
 .text.strncmp  0x0000000000005cc8       0x24 /Users/harbanstoor/Desktop/embedded_project/game_240/toolchains/mac/gcc-arm-none-eabi-8-2019-q3-update/bin/../lib/gcc/arm-none-eabi/8.3.1/../../../../arm-none-eabi/lib/thumb/v7e-m+fp/hard/libg_nano.a(lib_a-strncmp.o)
                0x0000000000005cc8                strncmp
 .text.sulp     0x0000000000005cec       0x38 /Users/harbanstoor/Desktop/embedded_project/game_240/toolchains/mac/gcc-arm-none-eabi-8-2019-q3-update/bin/../lib/gcc/arm-none-eabi/8.3.1/../../../../arm-none-eabi/lib/thumb/v7e-m+fp/hard/libg_nano.a(lib_a-strtod.o)
 *fill*         0x0000000000005d24        0x4 ff
 .text._strtod_l
                0x0000000000005d28      0xb98 /Users/harbanstoor/Desktop/embedded_project/game_240/toolchains/mac/gcc-arm-none-eabi-8-2019-q3-update/bin/../lib/gcc/arm-none-eabi/8.3.1/../../../../arm-none-eabi/lib/thumb/v7e-m+fp/hard/libg_nano.a(lib_a-strtod.o)
                0x0000000000005d28                _strtod_l
 .text._strtod_r
                0x00000000000068c0        0xc /Users/harbanstoor/Desktop/embedded_project/game_240/toolchains/mac/gcc-arm-none-eabi-8-2019-q3-update/bin/../lib/gcc/arm-none-eabi/8.3.1/../../../../arm-none-eabi/lib/thumb/v7e-m+fp/hard/libg_nano.a(lib_a-strtod.o)
                0x00000000000068c0                _strtod_r
 .text._strtol_l.isra.0
                0x00000000000068cc       0xf0 /Users/harbanstoor/Desktop/embedded_project/game_240/toolchains/mac/gcc-arm-none-eabi-8-2019-q3-update/bin/../lib/gcc/arm-none-eabi/8.3.1/../../../../arm-none-eabi/lib/thumb/v7e-m+fp/hard/libg_nano.a(lib_a-strtol.o)
 .text._strtol_r
                0x00000000000069bc        0x4 /Users/harbanstoor/Desktop/embedded_project/game_240/toolchains/mac/gcc-arm-none-eabi-8-2019-q3-update/bin/../lib/gcc/arm-none-eabi/8.3.1/../../../../arm-none-eabi/lib/thumb/v7e-m+fp/hard/libg_nano.a(lib_a-strtol.o)
                0x00000000000069bc                _strtol_r
 .text.__swbuf_r
                0x00000000000069c0       0xa4 /Users/harbanstoor/Desktop/embedded_project/game_240/toolchains/mac/gcc-arm-none-eabi-8-2019-q3-update/bin/../lib/gcc/arm-none-eabi/8.3.1/../../../../arm-none-eabi/lib/thumb/v7e-m+fp/hard/libg_nano.a(lib_a-wbuf.o)
                0x00000000000069c0                __swbuf_r
 .text.__swsetup_r
                0x0000000000006a64       0xdc /Users/harbanstoor/Desktop/embedded_project/game_240/toolchains/mac/gcc-arm-none-eabi-8-2019-q3-update/bin/../lib/gcc/arm-none-eabi/8.3.1/../../../../arm-none-eabi/lib/thumb/v7e-m+fp/hard/libg_nano.a(lib_a-wsetup.o)
                0x0000000000006a64                __swsetup_r
 .text.quorem   0x0000000000006b40      0x112 /Users/harbanstoor/Desktop/embedded_project/game_240/toolchains/mac/gcc-arm-none-eabi-8-2019-q3-update/bin/../lib/gcc/arm-none-eabi/8.3.1/../../../../arm-none-eabi/lib/thumb/v7e-m+fp/hard/libg_nano.a(lib_a-dtoa.o)
 *fill*         0x0000000000006c52        0x6 ff
 .text._dtoa_r  0x0000000000006c58      0xb74 /Users/harbanstoor/Desktop/embedded_project/game_240/toolchains/mac/gcc-arm-none-eabi-8-2019-q3-update/bin/../lib/gcc/arm-none-eabi/8.3.1/../../../../arm-none-eabi/lib/thumb/v7e-m+fp/hard/libg_nano.a(lib_a-dtoa.o)
                0x0000000000006c58                _dtoa_r
 .text.__sflush_r
                0x00000000000077cc      0x10c /Users/harbanstoor/Desktop/embedded_project/game_240/toolchains/mac/gcc-arm-none-eabi-8-2019-q3-update/bin/../lib/gcc/arm-none-eabi/8.3.1/../../../../arm-none-eabi/lib/thumb/v7e-m+fp/hard/libg_nano.a(lib_a-fflush.o)
                0x00000000000077cc                __sflush_r
 .text._fflush_r
                0x00000000000078d8       0x78 /Users/harbanstoor/Desktop/embedded_project/game_240/toolchains/mac/gcc-arm-none-eabi-8-2019-q3-update/bin/../lib/gcc/arm-none-eabi/8.3.1/../../../../arm-none-eabi/lib/thumb/v7e-m+fp/hard/libg_nano.a(lib_a-fflush.o)
                0x00000000000078d8                _fflush_r
 .text.std      0x0000000000007950       0x48 /Users/harbanstoor/Desktop/embedded_project/game_240/toolchains/mac/gcc-arm-none-eabi-8-2019-q3-update/bin/../lib/gcc/arm-none-eabi/8.3.1/../../../../arm-none-eabi/lib/thumb/v7e-m+fp/hard/libg_nano.a(lib_a-findfp.o)
 .text._cleanup_r
                0x0000000000007998        0xc /Users/harbanstoor/Desktop/embedded_project/game_240/toolchains/mac/gcc-arm-none-eabi-8-2019-q3-update/bin/../lib/gcc/arm-none-eabi/8.3.1/../../../../arm-none-eabi/lib/thumb/v7e-m+fp/hard/libg_nano.a(lib_a-findfp.o)
                0x0000000000007998                _cleanup_r
 .text.__sfmoreglue
                0x00000000000079a4       0x2c /Users/harbanstoor/Desktop/embedded_project/game_240/toolchains/mac/gcc-arm-none-eabi-8-2019-q3-update/bin/../lib/gcc/arm-none-eabi/8.3.1/../../../../arm-none-eabi/lib/thumb/v7e-m+fp/hard/libg_nano.a(lib_a-findfp.o)
                0x00000000000079a4                __sfmoreglue
 .text.__sfp_lock_acquire
                0x00000000000079d0        0xc /Users/harbanstoor/Desktop/embedded_project/game_240/toolchains/mac/gcc-arm-none-eabi-8-2019-q3-update/bin/../lib/gcc/arm-none-eabi/8.3.1/../../../../arm-none-eabi/lib/thumb/v7e-m+fp/hard/libg_nano.a(lib_a-findfp.o)
                0x00000000000079d0                __sfp_lock_acquire
 .text.__sfp_lock_release
                0x00000000000079dc        0xc /Users/harbanstoor/Desktop/embedded_project/game_240/toolchains/mac/gcc-arm-none-eabi-8-2019-q3-update/bin/../lib/gcc/arm-none-eabi/8.3.1/../../../../arm-none-eabi/lib/thumb/v7e-m+fp/hard/libg_nano.a(lib_a-findfp.o)
                0x00000000000079dc                __sfp_lock_release
 .text.__sinit_lock_acquire
                0x00000000000079e8        0xc /Users/harbanstoor/Desktop/embedded_project/game_240/toolchains/mac/gcc-arm-none-eabi-8-2019-q3-update/bin/../lib/gcc/arm-none-eabi/8.3.1/../../../../arm-none-eabi/lib/thumb/v7e-m+fp/hard/libg_nano.a(lib_a-findfp.o)
                0x00000000000079e8                __sinit_lock_acquire
 .text.__sinit_lock_release
                0x00000000000079f4        0xc /Users/harbanstoor/Desktop/embedded_project/game_240/toolchains/mac/gcc-arm-none-eabi-8-2019-q3-update/bin/../lib/gcc/arm-none-eabi/8.3.1/../../../../arm-none-eabi/lib/thumb/v7e-m+fp/hard/libg_nano.a(lib_a-findfp.o)
                0x00000000000079f4                __sinit_lock_release
 .text.__sinit  0x0000000000007a00       0x70 /Users/harbanstoor/Desktop/embedded_project/game_240/toolchains/mac/gcc-arm-none-eabi-8-2019-q3-update/bin/../lib/gcc/arm-none-eabi/8.3.1/../../../../arm-none-eabi/lib/thumb/v7e-m+fp/hard/libg_nano.a(lib_a-findfp.o)
                0x0000000000007a00                __sinit
 .text.__sfp    0x0000000000007a70       0x8c /Users/harbanstoor/Desktop/embedded_project/game_240/toolchains/mac/gcc-arm-none-eabi-8-2019-q3-update/bin/../lib/gcc/arm-none-eabi/8.3.1/../../../../arm-none-eabi/lib/thumb/v7e-m+fp/hard/libg_nano.a(lib_a-findfp.o)
                0x0000000000007a70                __sfp
 .text._fwalk_reent
                0x0000000000007afc       0x3c /Users/harbanstoor/Desktop/embedded_project/game_240/toolchains/mac/gcc-arm-none-eabi-8-2019-q3-update/bin/../lib/gcc/arm-none-eabi/8.3.1/../../../../arm-none-eabi/lib/thumb/v7e-m+fp/hard/libg_nano.a(lib_a-fwalk.o)
                0x0000000000007afc                _fwalk_reent
 .text.rshift   0x0000000000007b38       0x74 /Users/harbanstoor/Desktop/embedded_project/game_240/toolchains/mac/gcc-arm-none-eabi-8-2019-q3-update/bin/../lib/gcc/arm-none-eabi/8.3.1/../../../../arm-none-eabi/lib/thumb/v7e-m+fp/hard/libg_nano.a(lib_a-gdtoa-gethex.o)
 .text.__hexdig_fun
                0x0000000000007bac       0x2a /Users/harbanstoor/Desktop/embedded_project/game_240/toolchains/mac/gcc-arm-none-eabi-8-2019-q3-update/bin/../lib/gcc/arm-none-eabi/8.3.1/../../../../arm-none-eabi/lib/thumb/v7e-m+fp/hard/libg_nano.a(lib_a-gdtoa-gethex.o)
                0x0000000000007bac                __hexdig_fun
 *fill*         0x0000000000007bd6        0x2 ff
 .text.__gethex
                0x0000000000007bd8      0x448 /Users/harbanstoor/Desktop/embedded_project/game_240/toolchains/mac/gcc-arm-none-eabi-8-2019-q3-update/bin/../lib/gcc/arm-none-eabi/8.3.1/../../../../arm-none-eabi/lib/thumb/v7e-m+fp/hard/libg_nano.a(lib_a-gdtoa-gethex.o)
                0x0000000000007bd8                __gethex
 .text.L_shift  0x0000000000008020       0x24 /Users/harbanstoor/Desktop/embedded_project/game_240/toolchains/mac/gcc-arm-none-eabi-8-2019-q3-update/bin/../lib/gcc/arm-none-eabi/8.3.1/../../../../arm-none-eabi/lib/thumb/v7e-m+fp/hard/libg_nano.a(lib_a-gdtoa-hexnan.o)
 .text.__match  0x0000000000008044       0x28 /Users/harbanstoor/Desktop/embedded_project/game_240/toolchains/mac/gcc-arm-none-eabi-8-2019-q3-update/bin/../lib/gcc/arm-none-eabi/8.3.1/../../../../arm-none-eabi/lib/thumb/v7e-m+fp/hard/libg_nano.a(lib_a-gdtoa-hexnan.o)
                0x0000000000008044                __match
 .text.__hexnan
                0x000000000000806c      0x120 /Users/harbanstoor/Desktop/embedded_project/game_240/toolchains/mac/gcc-arm-none-eabi-8-2019-q3-update/bin/../lib/gcc/arm-none-eabi/8.3.1/../../../../arm-none-eabi/lib/thumb/v7e-m+fp/hard/libg_nano.a(lib_a-gdtoa-hexnan.o)
                0x000000000000806c                __hexnan
 .text._localeconv_r
                0x000000000000818c        0x8 /Users/harbanstoor/Desktop/embedded_project/game_240/toolchains/mac/gcc-arm-none-eabi-8-2019-q3-update/bin/../lib/gcc/arm-none-eabi/8.3.1/../../../../arm-none-eabi/lib/thumb/v7e-m+fp/hard/libg_nano.a(lib_a-localeconv.o)
                0x000000000000818c                _localeconv_r
 .text.__swhatbuf_r
                0x0000000000008194       0x48 /Users/harbanstoor/Desktop/embedded_project/game_240/toolchains/mac/gcc-arm-none-eabi-8-2019-q3-update/bin/../lib/gcc/arm-none-eabi/8.3.1/../../../../arm-none-eabi/lib/thumb/v7e-m+fp/hard/libg_nano.a(lib_a-makebuf.o)
                0x0000000000008194                __swhatbuf_r
 .text.__smakebuf_r
                0x00000000000081dc       0x80 /Users/harbanstoor/Desktop/embedded_project/game_240/toolchains/mac/gcc-arm-none-eabi-8-2019-q3-update/bin/../lib/gcc/arm-none-eabi/8.3.1/../../../../arm-none-eabi/lib/thumb/v7e-m+fp/hard/libg_nano.a(lib_a-makebuf.o)
                0x00000000000081dc                __smakebuf_r
 .text.__ascii_mbtowc
                0x000000000000825c       0x24 /Users/harbanstoor/Desktop/embedded_project/game_240/toolchains/mac/gcc-arm-none-eabi-8-2019-q3-update/bin/../lib/gcc/arm-none-eabi/8.3.1/../../../../arm-none-eabi/lib/thumb/v7e-m+fp/hard/libg_nano.a(lib_a-mbtowc_r.o)
                0x000000000000825c                __ascii_mbtowc
 .text          0x0000000000008280       0xa0 /Users/harbanstoor/Desktop/embedded_project/game_240/toolchains/mac/gcc-arm-none-eabi-8-2019-q3-update/bin/../lib/gcc/arm-none-eabi/8.3.1/../../../../arm-none-eabi/lib/thumb/v7e-m+fp/hard/libg_nano.a(lib_a-memchr.o)
                0x0000000000008280                memchr
 .text.__malloc_lock
                0x0000000000008320        0xc /Users/harbanstoor/Desktop/embedded_project/game_240/toolchains/mac/gcc-arm-none-eabi-8-2019-q3-update/bin/../lib/gcc/arm-none-eabi/8.3.1/../../../../arm-none-eabi/lib/thumb/v7e-m+fp/hard/libg_nano.a(lib_a-mlock.o)
                0x0000000000008320                __malloc_lock
 .text.__malloc_unlock
                0x000000000000832c        0xc /Users/harbanstoor/Desktop/embedded_project/game_240/toolchains/mac/gcc-arm-none-eabi-8-2019-q3-update/bin/../lib/gcc/arm-none-eabi/8.3.1/../../../../arm-none-eabi/lib/thumb/v7e-m+fp/hard/libg_nano.a(lib_a-mlock.o)
                0x000000000000832c                __malloc_unlock
 .text._Balloc  0x0000000000008338       0x68 /Users/harbanstoor/Desktop/embedded_project/game_240/toolchains/mac/gcc-arm-none-eabi-8-2019-q3-update/bin/../lib/gcc/arm-none-eabi/8.3.1/../../../../arm-none-eabi/lib/thumb/v7e-m+fp/hard/libg_nano.a(lib_a-mprec.o)
                0x0000000000008338                _Balloc
 .text._Bfree   0x00000000000083a0       0x2e /Users/harbanstoor/Desktop/embedded_project/game_240/toolchains/mac/gcc-arm-none-eabi-8-2019-q3-update/bin/../lib/gcc/arm-none-eabi/8.3.1/../../../../arm-none-eabi/lib/thumb/v7e-m+fp/hard/libg_nano.a(lib_a-mprec.o)
                0x00000000000083a0                _Bfree
 .text.__multadd
                0x00000000000083ce       0x76 /Users/harbanstoor/Desktop/embedded_project/game_240/toolchains/mac/gcc-arm-none-eabi-8-2019-q3-update/bin/../lib/gcc/arm-none-eabi/8.3.1/../../../../arm-none-eabi/lib/thumb/v7e-m+fp/hard/libg_nano.a(lib_a-mprec.o)
                0x00000000000083ce                __multadd
 .text.__s2b    0x0000000000008444       0x7c /Users/harbanstoor/Desktop/embedded_project/game_240/toolchains/mac/gcc-arm-none-eabi-8-2019-q3-update/bin/../lib/gcc/arm-none-eabi/8.3.1/../../../../arm-none-eabi/lib/thumb/v7e-m+fp/hard/libg_nano.a(lib_a-mprec.o)
                0x0000000000008444                __s2b
 .text.__hi0bits
                0x00000000000084c0       0x40 /Users/harbanstoor/Desktop/embedded_project/game_240/toolchains/mac/gcc-arm-none-eabi-8-2019-q3-update/bin/../lib/gcc/arm-none-eabi/8.3.1/../../../../arm-none-eabi/lib/thumb/v7e-m+fp/hard/libg_nano.a(lib_a-mprec.o)
                0x00000000000084c0                __hi0bits
 .text.__lo0bits
                0x0000000000008500       0x60 /Users/harbanstoor/Desktop/embedded_project/game_240/toolchains/mac/gcc-arm-none-eabi-8-2019-q3-update/bin/../lib/gcc/arm-none-eabi/8.3.1/../../../../arm-none-eabi/lib/thumb/v7e-m+fp/hard/libg_nano.a(lib_a-mprec.o)
                0x0000000000008500                __lo0bits
 .text.__i2b    0x0000000000008560       0x12 /Users/harbanstoor/Desktop/embedded_project/game_240/toolchains/mac/gcc-arm-none-eabi-8-2019-q3-update/bin/../lib/gcc/arm-none-eabi/8.3.1/../../../../arm-none-eabi/lib/thumb/v7e-m+fp/hard/libg_nano.a(lib_a-mprec.o)
                0x0000000000008560                __i2b
 .text.__multiply
                0x0000000000008572      0x120 /Users/harbanstoor/Desktop/embedded_project/game_240/toolchains/mac/gcc-arm-none-eabi-8-2019-q3-update/bin/../lib/gcc/arm-none-eabi/8.3.1/../../../../arm-none-eabi/lib/thumb/v7e-m+fp/hard/libg_nano.a(lib_a-mprec.o)
                0x0000000000008572                __multiply
 *fill*         0x0000000000008692        0x2 ff
 .text.__pow5mult
                0x0000000000008694       0x9c /Users/harbanstoor/Desktop/embedded_project/game_240/toolchains/mac/gcc-arm-none-eabi-8-2019-q3-update/bin/../lib/gcc/arm-none-eabi/8.3.1/../../../../arm-none-eabi/lib/thumb/v7e-m+fp/hard/libg_nano.a(lib_a-mprec.o)
                0x0000000000008694                __pow5mult
 .text.__lshift
                0x0000000000008730       0xa6 /Users/harbanstoor/Desktop/embedded_project/game_240/toolchains/mac/gcc-arm-none-eabi-8-2019-q3-update/bin/../lib/gcc/arm-none-eabi/8.3.1/../../../../arm-none-eabi/lib/thumb/v7e-m+fp/hard/libg_nano.a(lib_a-mprec.o)
                0x0000000000008730                __lshift
 .text.__mcmp   0x00000000000087d6       0x34 /Users/harbanstoor/Desktop/embedded_project/game_240/toolchains/mac/gcc-arm-none-eabi-8-2019-q3-update/bin/../lib/gcc/arm-none-eabi/8.3.1/../../../../arm-none-eabi/lib/thumb/v7e-m+fp/hard/libg_nano.a(lib_a-mprec.o)
                0x00000000000087d6                __mcmp
 .text.__mdiff  0x000000000000880a       0xba /Users/harbanstoor/Desktop/embedded_project/game_240/toolchains/mac/gcc-arm-none-eabi-8-2019-q3-update/bin/../lib/gcc/arm-none-eabi/8.3.1/../../../../arm-none-eabi/lib/thumb/v7e-m+fp/hard/libg_nano.a(lib_a-mprec.o)
                0x000000000000880a                __mdiff
 .text.__ulp    0x00000000000088c4       0x4c /Users/harbanstoor/Desktop/embedded_project/game_240/toolchains/mac/gcc-arm-none-eabi-8-2019-q3-update/bin/../lib/gcc/arm-none-eabi/8.3.1/../../../../arm-none-eabi/lib/thumb/v7e-m+fp/hard/libg_nano.a(lib_a-mprec.o)
                0x00000000000088c4                __ulp
 .text.__b2d    0x0000000000008910       0xa0 /Users/harbanstoor/Desktop/embedded_project/game_240/toolchains/mac/gcc-arm-none-eabi-8-2019-q3-update/bin/../lib/gcc/arm-none-eabi/8.3.1/../../../../arm-none-eabi/lib/thumb/v7e-m+fp/hard/libg_nano.a(lib_a-mprec.o)
                0x0000000000008910                __b2d
 .text.__d2b    0x00000000000089b0       0x9c /Users/harbanstoor/Desktop/embedded_project/game_240/toolchains/mac/gcc-arm-none-eabi-8-2019-q3-update/bin/../lib/gcc/arm-none-eabi/8.3.1/../../../../arm-none-eabi/lib/thumb/v7e-m+fp/hard/libg_nano.a(lib_a-mprec.o)
                0x00000000000089b0                __d2b
 .text.__ratio  0x0000000000008a4c       0x66 /Users/harbanstoor/Desktop/embedded_project/game_240/toolchains/mac/gcc-arm-none-eabi-8-2019-q3-update/bin/../lib/gcc/arm-none-eabi/8.3.1/../../../../arm-none-eabi/lib/thumb/v7e-m+fp/hard/libg_nano.a(lib_a-mprec.o)
                0x0000000000008a4c                __ratio
 .text.__copybits
                0x0000000000008ab2       0x34 /Users/harbanstoor/Desktop/embedded_project/game_240/toolchains/mac/gcc-arm-none-eabi-8-2019-q3-update/bin/../lib/gcc/arm-none-eabi/8.3.1/../../../../arm-none-eabi/lib/thumb/v7e-m+fp/hard/libg_nano.a(lib_a-mprec.o)
                0x0000000000008ab2                __copybits
 .text.__any_on
                0x0000000000008ae6       0x42 /Users/harbanstoor/Desktop/embedded_project/game_240/toolchains/mac/gcc-arm-none-eabi-8-2019-q3-update/bin/../lib/gcc/arm-none-eabi/8.3.1/../../../../arm-none-eabi/lib/thumb/v7e-m+fp/hard/libg_nano.a(lib_a-mprec.o)
                0x0000000000008ae6                __any_on
 .text._calloc_r
                0x0000000000008b28       0x1c /Users/harbanstoor/Desktop/embedded_project/game_240/toolchains/mac/gcc-arm-none-eabi-8-2019-q3-update/bin/../lib/gcc/arm-none-eabi/8.3.1/../../../../arm-none-eabi/lib/thumb/v7e-m+fp/hard/libg_nano.a(lib_a-nano-callocr.o)
                0x0000000000008b28                _calloc_r
 .text._realloc_r
                0x0000000000008b44       0x4c /Users/harbanstoor/Desktop/embedded_project/game_240/toolchains/mac/gcc-arm-none-eabi-8-2019-q3-update/bin/../lib/gcc/arm-none-eabi/8.3.1/../../../../arm-none-eabi/lib/thumb/v7e-m+fp/hard/libg_nano.a(lib_a-nano-reallocr.o)
                0x0000000000008b44                _realloc_r
 .text.__ssputs_r
                0x0000000000008b90       0xb6 /Users/harbanstoor/Desktop/embedded_project/game_240/toolchains/mac/gcc-arm-none-eabi-8-2019-q3-update/bin/../lib/gcc/arm-none-eabi/8.3.1/../../../../arm-none-eabi/lib/thumb/v7e-m+fp/hard/libg_nano.a(lib_a-nano-svfprintf.o)
                0x0000000000008b90                __ssputs_r
 *fill*         0x0000000000008c46        0x2 ff
 .text._svfprintf_r
                0x0000000000008c48      0x1f0 /Users/harbanstoor/Desktop/embedded_project/game_240/toolchains/mac/gcc-arm-none-eabi-8-2019-q3-update/bin/../lib/gcc/arm-none-eabi/8.3.1/../../../../arm-none-eabi/lib/thumb/v7e-m+fp/hard/libg_nano.a(lib_a-nano-svfprintf.o)
                0x0000000000008c48                _svfprintf_r
                0x0000000000008c48                _svfiprintf_r
 .text.nan      0x0000000000008e38       0x10 /Users/harbanstoor/Desktop/embedded_project/game_240/toolchains/mac/gcc-arm-none-eabi-8-2019-q3-update/bin/../lib/gcc/arm-none-eabi/8.3.1/../../../../arm-none-eabi/lib/thumb/v7e-m+fp/hard/libg_nano.a(lib_a-s_nan.o)
                0x0000000000008e38                nan
 .text.__sread  0x0000000000008e48       0x22 /Users/harbanstoor/Desktop/embedded_project/game_240/toolchains/mac/gcc-arm-none-eabi-8-2019-q3-update/bin/../lib/gcc/arm-none-eabi/8.3.1/../../../../arm-none-eabi/lib/thumb/v7e-m+fp/hard/libg_nano.a(lib_a-stdio.o)
                0x0000000000008e48                __sread
 .text.__swrite
                0x0000000000008e6a       0x38 /Users/harbanstoor/Desktop/embedded_project/game_240/toolchains/mac/gcc-arm-none-eabi-8-2019-q3-update/bin/../lib/gcc/arm-none-eabi/8.3.1/../../../../arm-none-eabi/lib/thumb/v7e-m+fp/hard/libg_nano.a(lib_a-stdio.o)
                0x0000000000008e6a                __swrite
 .text.__sseek  0x0000000000008ea2       0x24 /Users/harbanstoor/Desktop/embedded_project/game_240/toolchains/mac/gcc-arm-none-eabi-8-2019-q3-update/bin/../lib/gcc/arm-none-eabi/8.3.1/../../../../arm-none-eabi/lib/thumb/v7e-m+fp/hard/libg_nano.a(lib_a-stdio.o)
                0x0000000000008ea2                __sseek
 .text.__sclose
                0x0000000000008ec6        0x8 /Users/harbanstoor/Desktop/embedded_project/game_240/toolchains/mac/gcc-arm-none-eabi-8-2019-q3-update/bin/../lib/gcc/arm-none-eabi/8.3.1/../../../../arm-none-eabi/lib/thumb/v7e-m+fp/hard/libg_nano.a(lib_a-stdio.o)
                0x0000000000008ec6                __sclose
 .text.__ascii_wctomb
                0x0000000000008ece       0x1a /Users/harbanstoor/Desktop/embedded_project/game_240/toolchains/mac/gcc-arm-none-eabi-8-2019-q3-update/bin/../lib/gcc/arm-none-eabi/8.3.1/../../../../arm-none-eabi/lib/thumb/v7e-m+fp/hard/libg_nano.a(lib_a-wctomb_r.o)
                0x0000000000008ece                __ascii_wctomb
 .text._write_r
                0x0000000000008ee8       0x24 /Users/harbanstoor/Desktop/embedded_project/game_240/toolchains/mac/gcc-arm-none-eabi-8-2019-q3-update/bin/../lib/gcc/arm-none-eabi/8.3.1/../../../../arm-none-eabi/lib/thumb/v7e-m+fp/hard/libg_nano.a(lib_a-writer.o)
                0x0000000000008ee8                _write_r
 .text._close_r
                0x0000000000008f0c       0x20 /Users/harbanstoor/Desktop/embedded_project/game_240/toolchains/mac/gcc-arm-none-eabi-8-2019-q3-update/bin/../lib/gcc/arm-none-eabi/8.3.1/../../../../arm-none-eabi/lib/thumb/v7e-m+fp/hard/libg_nano.a(lib_a-closer.o)
                0x0000000000008f0c                _close_r
 .text._fstat_r
                0x0000000000008f2c       0x24 /Users/harbanstoor/Desktop/embedded_project/game_240/toolchains/mac/gcc-arm-none-eabi-8-2019-q3-update/bin/../lib/gcc/arm-none-eabi/8.3.1/../../../../arm-none-eabi/lib/thumb/v7e-m+fp/hard/libg_nano.a(lib_a-fstatr.o)
                0x0000000000008f2c                _fstat_r
 .text._isatty_r
                0x0000000000008f50       0x20 /Users/harbanstoor/Desktop/embedded_project/game_240/toolchains/mac/gcc-arm-none-eabi-8-2019-q3-update/bin/../lib/gcc/arm-none-eabi/8.3.1/../../../../arm-none-eabi/lib/thumb/v7e-m+fp/hard/libg_nano.a(lib_a-isattyr.o)
                0x0000000000008f50                _isatty_r
 .text._lseek_r
                0x0000000000008f70       0x24 /Users/harbanstoor/Desktop/embedded_project/game_240/toolchains/mac/gcc-arm-none-eabi-8-2019-q3-update/bin/../lib/gcc/arm-none-eabi/8.3.1/../../../../arm-none-eabi/lib/thumb/v7e-m+fp/hard/libg_nano.a(lib_a-lseekr.o)
                0x0000000000008f70                _lseek_r
 .text._malloc_usable_size_r
                0x0000000000008f94       0x10 /Users/harbanstoor/Desktop/embedded_project/game_240/toolchains/mac/gcc-arm-none-eabi-8-2019-q3-update/bin/../lib/gcc/arm-none-eabi/8.3.1/../../../../arm-none-eabi/lib/thumb/v7e-m+fp/hard/libg_nano.a(lib_a-nano-msizer.o)
                0x0000000000008f94                _malloc_usable_size_r
 .text._read_r  0x0000000000008fa4       0x24 /Users/harbanstoor/Desktop/embedded_project/game_240/toolchains/mac/gcc-arm-none-eabi-8-2019-q3-update/bin/../lib/gcc/arm-none-eabi/8.3.1/../../../../arm-none-eabi/lib/thumb/v7e-m+fp/hard/libg_nano.a(lib_a-readr.o)
                0x0000000000008fa4                _read_r
 .text          0x0000000000008fc8      0x424 /Users/harbanstoor/Desktop/embedded_project/game_240/toolchains/mac/gcc-arm-none-eabi-8-2019-q3-update/bin/../lib/gcc/arm-none-eabi/8.3.1/thumb/v7e-m+fp/hard/libgcc.a(_arm_muldivdf3.o)
                0x0000000000008fc8                __aeabi_dmul
                0x0000000000008fc8                __muldf3
                0x000000000000921c                __aeabi_ddiv
                0x000000000000921c                __divdf3
 .text          0x00000000000093ec      0x110 /Users/harbanstoor/Desktop/embedded_project/game_240/toolchains/mac/gcc-arm-none-eabi-8-2019-q3-update/bin/../lib/gcc/arm-none-eabi/8.3.1/thumb/v7e-m+fp/hard/libgcc.a(_arm_cmpdf2.o)
                0x00000000000093ec                __gedf2
                0x00000000000093ec                __gtdf2
                0x00000000000093f4                __ledf2
                0x00000000000093f4                __ltdf2
                0x00000000000093fc                __cmpdf2
                0x00000000000093fc                __eqdf2
                0x00000000000093fc                __nedf2
                0x0000000000009478                __aeabi_cdrcmple
                0x0000000000009488                __aeabi_cdcmple
                0x0000000000009488                __aeabi_cdcmpeq
                0x0000000000009498                __aeabi_dcmpeq
                0x00000000000094ac                __aeabi_dcmplt
                0x00000000000094c0                __aeabi_dcmple
                0x00000000000094d4                __aeabi_dcmpge
                0x00000000000094e8                __aeabi_dcmpgt
 .text          0x00000000000094fc       0x2c /Users/harbanstoor/Desktop/embedded_project/game_240/toolchains/mac/gcc-arm-none-eabi-8-2019-q3-update/bin/../lib/gcc/arm-none-eabi/8.3.1/thumb/v7e-m+fp/hard/libgcc.a(_arm_unorddf2.o)
                0x00000000000094fc                __aeabi_dcmpun
                0x00000000000094fc                __unorddf2
 .text          0x0000000000009528       0x50 /Users/harbanstoor/Desktop/embedded_project/game_240/toolchains/mac/gcc-arm-none-eabi-8-2019-q3-update/bin/../lib/gcc/arm-none-eabi/8.3.1/thumb/v7e-m+fp/hard/libgcc.a(_arm_fixdfsi.o)
                0x0000000000009528                __fixdfsi
                0x0000000000009528                __aeabi_d2iz
 .text          0x0000000000009578       0x40 /Users/harbanstoor/Desktop/embedded_project/game_240/toolchains/mac/gcc-arm-none-eabi-8-2019-q3-update/bin/../lib/gcc/arm-none-eabi/8.3.1/thumb/v7e-m+fp/hard/libgcc.a(_arm_fixunsdfsi.o)
                0x0000000000009578                __fixunsdfsi
                0x0000000000009578                __aeabi_d2uiz
 .text          0x00000000000095b8       0xa0 /Users/harbanstoor/Desktop/embedded_project/game_240/toolchains/mac/gcc-arm-none-eabi-8-2019-q3-update/bin/../lib/gcc/arm-none-eabi/8.3.1/thumb/v7e-m+fp/hard/libgcc.a(_arm_truncdfsf2.o)
                0x00000000000095b8                __aeabi_d2f
                0x00000000000095b8                __truncdfsf2
 .text          0x0000000000009658       0x30 /Users/harbanstoor/Desktop/embedded_project/game_240/toolchains/mac/gcc-arm-none-eabi-8-2019-q3-update/bin/../lib/gcc/arm-none-eabi/8.3.1/thumb/v7e-m+fp/hard/libgcc.a(_fixdfdi.o)
                0x0000000000009658                __aeabi_d2lz
                0x0000000000009658                __fixdfdi
 .text          0x0000000000009688       0x3c /Users/harbanstoor/Desktop/embedded_project/game_240/toolchains/mac/gcc-arm-none-eabi-8-2019-q3-update/bin/../lib/gcc/arm-none-eabi/8.3.1/thumb/v7e-m+fp/hard/libgcc.a(_fixunsdfdi.o)
                0x0000000000009688                __aeabi_d2ulz
                0x0000000000009688                __fixunsdfdi
 *(.rodata .rodata.* .constdata .constdata.*)
 .rodata.__FUNCTION__.8201
                0x00000000000096c4        0xc _build_lpc40xx_freertos/objects/entry_point.o
 .rodata.entry_point.str1.1
                0x00000000000096d0       0x80 _build_lpc40xx_freertos/objects/entry_point.o
 .rodata.halt.str1.1
                0x0000000000009750       0xb8 _build_lpc40xx_freertos/objects/interrupt_vector_table.o
 .rodata.str1.1
                0x0000000000009808       0x53 _build_lpc40xx_freertos/objects/interrupt_vector_table.o
 *fill*         0x000000000000985b        0x1 ff
 .rodata.table.8042
                0x000000000000985c       0x40 _build_lpc40xx_freertos/objects/interrupt_vector_table.o
 .rodata.crash__report_if_occurred.str1.1
                0x000000000000989c      0x190 _build_lpc40xx_freertos/objects/crash.o
 .rodata.check_fs.str1.1
                0x0000000000009a2c        0xa _build_lpc40xx_freertos/objects/ff.o
 .rodata._close.str1.1
                0x0000000000009a36       0x26 _build_lpc40xx_freertos/objects/system_calls.o
 .rodata._read.str1.1
                0x0000000000009a5c       0x32 _build_lpc40xx_freertos/objects/system_calls.o
 .rodata._write.str1.1
                0x0000000000009a8e       0x33 _build_lpc40xx_freertos/objects/system_calls.o
 .rodata.__FUNCTION__.9217
                0x0000000000009ac1       0x11 _build_lpc40xx_freertos/objects/peripherals_init.o
 .rodata.peripherals_init.str1.1
                0x0000000000009ad2       0xdd _build_lpc40xx_freertos/objects/peripherals_init.o
                                         0xde (size before relaxing)
 .rodata.color_array
                0x0000000000009baf        0x5 _build_lpc40xx_freertos/objects/block_generator.o
 .rodata.game_state_machine__run_game.str1.1
                0x0000000000009bb4       0x33 _build_lpc40xx_freertos/objects/game_state_machine.o
 .rodata.game_state_machine__test_setup.str1.1
                0x0000000000009be7        0xe _build_lpc40xx_freertos/objects/game_state_machine.o
 .rodata.gpio0_29_isr.str1.1
                0x0000000000009bf5        0x6 _build_lpc40xx_freertos/objects/game_state_machine.o
 .rodata.joystick_buttons__joystick_and_button_init.str1.1
                0x0000000000009bfb       0x4c _build_lpc40xx_freertos/objects/joystick_buttons.o
 .rodata.configASSERT_callback.str1.1
                0x0000000000009c47       0xf8 _build_lpc40xx_freertos/objects/rtos_hooks.o
 .rodata.vApplicationMallocFailedHook.str1.1
                0x0000000000009d3f       0x3a _build_lpc40xx_freertos/objects/rtos_hooks.o
 .rodata.vApplicationStackOverflowHook.str1.1
                0x0000000000009d79       0x1d _build_lpc40xx_freertos/objects/rtos_hooks.o
 .rodata.prvTaskExitError.str1.1
                0x0000000000009d96       0x1a _build_lpc40xx_freertos/objects/port.o
 .rodata.vPortEnterCritical.str1.1
                0x0000000000009db0       0x35 _build_lpc40xx_freertos/objects/port.o
 .rodata.vPortExitCritical.str1.1
                0x0000000000009de5       0x12 _build_lpc40xx_freertos/objects/port.o
 .rodata.vPortValidateInterruptPriority.str1.1
                0x0000000000009df7       0x6c _build_lpc40xx_freertos/objects/port.o
 .rodata.xPortStartScheduler.str1.1
                0x0000000000009e63       0x89 _build_lpc40xx_freertos/objects/port.o
 .rodata.xQueueGenericCreateStatic.str1.1
                0x0000000000009eec       0xc3 _build_lpc40xx_freertos/objects/queue.o
 .rodata.xQueueGenericReset.str1.1
                0x0000000000009faf        0x8 _build_lpc40xx_freertos/objects/queue.o
 .rodata.xQueueGenericSend.str1.1
                0x0000000000009fb7       0xed _build_lpc40xx_freertos/objects/queue.o
 .rodata.xQueueGenericSendFromISR.str1.1
                0x000000000000a0a4       0x19 _build_lpc40xx_freertos/objects/queue.o
 .rodata.xQueueGiveFromISR.str1.1
                0x000000000000a0bd       0x80 _build_lpc40xx_freertos/objects/queue.o
 .rodata.xQueueReceive.str1.1
                0x000000000000a13d       0x5f _build_lpc40xx_freertos/objects/queue.o
 .rodata.xQueueReceiveFromISR.str1.1
                0x000000000000a19c       0x64 _build_lpc40xx_freertos/objects/queue.o
 .rodata.xQueueSemaphoreTake.str1.1
                0x000000000000a200       0x20 _build_lpc40xx_freertos/objects/queue.o
 .rodata.vTaskPlaceOnEventList.str1.1
                0x000000000000a220        0xc _build_lpc40xx_freertos/objects/tasks.o
 .rodata.vTaskPriorityDisinheritAfterTimeout.str1.1
                0x000000000000a22c       0x16 _build_lpc40xx_freertos/objects/tasks.o
 .rodata.vTaskSetTimeOutState.str1.1
                0x000000000000a242        0xa _build_lpc40xx_freertos/objects/tasks.o
 .rodata.vTaskStartScheduler.str1.1
                0x000000000000a24c        0x5 _build_lpc40xx_freertos/objects/tasks.o
 .rodata.vTaskSwitchContext.str1.1
                0x000000000000a251       0x47 _build_lpc40xx_freertos/objects/tasks.o
 .rodata.xTaskCheckForTimeOut.str1.1
                0x000000000000a298        0xe _build_lpc40xx_freertos/objects/tasks.o
 .rodata.xTaskCreateStatic.str1.1
                0x000000000000a2a6       0x45 _build_lpc40xx_freertos/objects/tasks.o
 .rodata.xTaskDelayUntil.str1.1
                0x000000000000a2eb       0x45 _build_lpc40xx_freertos/objects/tasks.o
 .rodata.xTaskIncrementTick.str1.1
                0x000000000000a330       0x2b _build_lpc40xx_freertos/objects/tasks.o
 .rodata.xTaskPriorityDisinherit.str1.1
                0x000000000000a35b       0x2b _build_lpc40xx_freertos/objects/tasks.o
 .rodata.xTaskRemoveFromEventList.str1.1
                0x000000000000a386        0xf _build_lpc40xx_freertos/objects/tasks.o
 .rodata.xTaskResumeAll.str1.1
                0x000000000000a395       0x15 _build_lpc40xx_freertos/objects/tasks.o
 *fill*         0x000000000000a3aa        0x2 ff
 .rodata.gpio_memory_map
                0x000000000000a3ac       0x18 _build_lpc40xx_freertos/objects/gpio.o
 .rodata.hw_timers
                0x000000000000a3c4       0x30 _build_lpc40xx_freertos/objects/hw_timer.o
 .rodata.str1.1
                0x000000000000a3f4       0x18 _build_lpc40xx_freertos/objects/hw_timer.o
 .rodata        0x000000000000a40c        0xc _build_lpc40xx_freertos/objects/i2c.o
 .rodata.str1.1
                0x000000000000a418        0xf _build_lpc40xx_freertos/objects/i2c.o
 .rodata.lpc_peripheral_pconp_bit_map
                0x000000000000a427       0x5a _build_lpc40xx_freertos/objects/lpc_peripherals.o
 .rodata.str1.1
                0x000000000000a481       0x18 _build_lpc40xx_freertos/objects/uart.o
 *fill*         0x000000000000a499        0x3 ff
 .rodata.uart__isrs
                0x000000000000a49c       0x10 _build_lpc40xx_freertos/objects/uart.o
 .rodata.uart_peripheral_ids
                0x000000000000a4ac        0x4 _build_lpc40xx_freertos/objects/uart.o
 .rodata.main.str1.1
                0x000000000000a4b0       0x5d _build_lpc40xx_freertos/objects/main.o
 .rodata._ctype_
                0x000000000000a50d      0x101 /Users/harbanstoor/Desktop/embedded_project/game_240/toolchains/mac/gcc-arm-none-eabi-8-2019-q3-update/bin/../lib/gcc/arm-none-eabi/8.3.1/../../../../arm-none-eabi/lib/thumb/v7e-m+fp/hard/libg_nano.a(lib_a-ctype_.o)
                0x000000000000a50d                _ctype_
 *fill*         0x000000000000a60e        0x2 ff
 .rodata._global_impure_ptr
                0x000000000000a610        0x4 /Users/harbanstoor/Desktop/embedded_project/game_240/toolchains/mac/gcc-arm-none-eabi-8-2019-q3-update/bin/../lib/gcc/arm-none-eabi/8.3.1/../../../../arm-none-eabi/lib/thumb/v7e-m+fp/hard/libg_nano.a(lib_a-impure.o)
                0x000000000000a610                _global_impure_ptr
 .rodata._vfprintf_r.str1.1
                0x000000000000a614       0x11 /Users/harbanstoor/Desktop/embedded_project/game_240/toolchains/mac/gcc-arm-none-eabi-8-2019-q3-update/bin/../lib/gcc/arm-none-eabi/8.3.1/../../../../arm-none-eabi/lib/thumb/v7e-m+fp/hard/libg_nano.a(lib_a-nano-vfprintf.o)
 .rodata._printf_float.str1.1
                0x000000000000a625       0x10 /Users/harbanstoor/Desktop/embedded_project/game_240/toolchains/mac/gcc-arm-none-eabi-8-2019-q3-update/bin/../lib/gcc/arm-none-eabi/8.3.1/../../../../arm-none-eabi/lib/thumb/v7e-m+fp/hard/libg_nano.a(lib_a-nano-vfprintf_float.o)
                                         0x12 (size before relaxing)
 .rodata._printf_i.str1.1
                0x000000000000a635       0x22 /Users/harbanstoor/Desktop/embedded_project/game_240/toolchains/mac/gcc-arm-none-eabi-8-2019-q3-update/bin/../lib/gcc/arm-none-eabi/8.3.1/../../../../arm-none-eabi/lib/thumb/v7e-m+fp/hard/libg_nano.a(lib_a-nano-vfprintf_i.o)
 .rodata._scanf_float.str1.1
                0x000000000000a657        0x5 /Users/harbanstoor/Desktop/embedded_project/game_240/toolchains/mac/gcc-arm-none-eabi-8-2019-q3-update/bin/../lib/gcc/arm-none-eabi/8.3.1/../../../../arm-none-eabi/lib/thumb/v7e-m+fp/hard/libg_nano.a(lib_a-nano-vfscanf_float.o)
                                          0x6 (size before relaxing)
 .rodata._strtod_l.str1.1
                0x000000000000a65c        0x5 /Users/harbanstoor/Desktop/embedded_project/game_240/toolchains/mac/gcc-arm-none-eabi-8-2019-q3-update/bin/../lib/gcc/arm-none-eabi/8.3.1/../../../../arm-none-eabi/lib/thumb/v7e-m+fp/hard/libg_nano.a(lib_a-strtod.o)
                                          0xd (size before relaxing)
 .rodata.fpi.7522
                0x000000000000a65c       0x14 /Users/harbanstoor/Desktop/embedded_project/game_240/toolchains/mac/gcc-arm-none-eabi-8-2019-q3-update/bin/../lib/gcc/arm-none-eabi/8.3.1/../../../../arm-none-eabi/lib/thumb/v7e-m+fp/hard/libg_nano.a(lib_a-strtod.o)
 .rodata.fpinan.7558